usbd_conf.c:65:6:HAL_PCD_MspInit	16	static
usbd_conf.c:84:6:HAL_PCD_MspDeInit	0	static
usbd_conf.c:111:6:HAL_PCD_SetupStageCallback	0	static
usbd_conf.c:126:6:HAL_PCD_DataOutStageCallback	0	static
usbd_conf.c:141:6:HAL_PCD_DataInStageCallback	0	static
usbd_conf.c:155:6:HAL_PCD_SOFCallback	0	static
usbd_conf.c:169:6:HAL_PCD_ResetCallback	8	static
usbd_conf.c:194:6:HAL_PCD_SuspendCallback	8	static
usbd_conf.c:218:6:HAL_PCD_ResumeCallback	0	static
usbd_conf.c:236:6:HAL_PCD_ISOOUTIncompleteCallback	0	static
usbd_conf.c:251:6:HAL_PCD_ISOINIncompleteCallback	0	static
usbd_conf.c:265:6:HAL_PCD_ConnectCallback	0	static
usbd_conf.c:279:6:HAL_PCD_DisconnectCallback	0	static
usbd_conf.c:294:20:USBD_LL_Init	8	static
usbd_conf.c:342:20:USBD_LL_DeInit	8	static
usbd_conf.c:359:20:USBD_LL_Start	8	static
usbd_conf.c:376:20:USBD_LL_Stop	8	static
usbd_conf.c:396:20:USBD_LL_OpenEP	8	static
usbd_conf.c:414:20:USBD_LL_CloseEP	8	static
usbd_conf.c:432:20:USBD_LL_FlushEP	8	static
usbd_conf.c:450:20:USBD_LL_StallEP	8	static
usbd_conf.c:468:20:USBD_LL_ClearStallEP	8	static
usbd_conf.c:486:9:USBD_LL_IsStallEP	0	static
usbd_conf.c:506:20:USBD_LL_SetUSBAddress	8	static
usbd_conf.c:526:20:USBD_LL_Transmit	8	static
usbd_conf.c:546:20:USBD_LL_PrepareReceive	8	static
usbd_conf.c:564:10:USBD_LL_GetRxDataSize	0	static
usbd_conf.c:574:6:USBD_LL_Delay	0	static
usbd_conf.c:584:7:USBD_static_malloc	0	static
usbd_conf.c:595:6:USBD_static_free	0	static
