Archive member included to satisfy reference by file (symbol)

c:/program files (x86)/atollic/truestudio for stm32 9.3.0/armtools/bin/../lib/gcc/arm-atollic-eabi/6.3.1/../../../../arm-atollic-eabi/lib/armv6-m\libc_nano.a(lib_a-errno.o)
                              Src\syscalls.o (__errno)
c:/program files (x86)/atollic/truestudio for stm32 9.3.0/armtools/bin/../lib/gcc/arm-atollic-eabi/6.3.1/../../../../arm-atollic-eabi/lib/armv6-m\libc_nano.a(lib_a-impure.o)
                              c:/program files (x86)/atollic/truestudio for stm32 9.3.0/armtools/bin/../lib/gcc/arm-atollic-eabi/6.3.1/../../../../arm-atollic-eabi/lib/armv6-m\libc_nano.a(lib_a-errno.o) (_impure_ptr)
c:/program files (x86)/atollic/truestudio for stm32 9.3.0/armtools/bin/../lib/gcc/arm-atollic-eabi/6.3.1/../../../../arm-atollic-eabi/lib/armv6-m\libc_nano.a(lib_a-init.o)
                              startup\startup_stm32l011xx.o (__libc_init_array)
c:/program files (x86)/atollic/truestudio for stm32 9.3.0/armtools/bin/../lib/gcc/arm-atollic-eabi/6.3.1/../../../../arm-atollic-eabi/lib/armv6-m\libc_nano.a(lib_a-memset.o)
                              Drivers\STM32L0xx_HAL_Driver\Src\stm32l0xx_hal_rcc.o (memset)
c:/program files (x86)/atollic/truestudio for stm32 9.3.0/armtools/bin/../lib/gcc/arm-atollic-eabi/6.3.1/armv6-m\libgcc.a(_thumb1_case_uqi.o)
                              Drivers\STM32L0xx_HAL_Driver\Src\stm32l0xx_hal_dma.o (__gnu_thumb1_case_uqi)
c:/program files (x86)/atollic/truestudio for stm32 9.3.0/armtools/bin/../lib/gcc/arm-atollic-eabi/6.3.1/armv6-m\libgcc.a(_udivsi3.o)
                              Drivers\STM32L0xx_HAL_Driver\Src\stm32l0xx_hal.o (__aeabi_uidiv)
c:/program files (x86)/atollic/truestudio for stm32 9.3.0/armtools/bin/../lib/gcc/arm-atollic-eabi/6.3.1/armv6-m\libgcc.a(_divsi3.o)
                              Src\main.o (__aeabi_idiv)
c:/program files (x86)/atollic/truestudio for stm32 9.3.0/armtools/bin/../lib/gcc/arm-atollic-eabi/6.3.1/armv6-m\libgcc.a(_dvmd_tls.o)
                              c:/program files (x86)/atollic/truestudio for stm32 9.3.0/armtools/bin/../lib/gcc/arm-atollic-eabi/6.3.1/armv6-m\libgcc.a(_udivsi3.o) (__aeabi_idiv0)

Allocating common symbols
Common symbol       size              file

uwTick              0x4               Drivers\STM32L0xx_HAL_Driver\Src\stm32l0xx_hal.o
pFlash              0x18              Drivers\STM32L0xx_HAL_Driver\Src\stm32l0xx_hal_flash.o
htim2               0x3c              Src\tim.o
hadc                0x5c              Src\adc.o
htim21              0x3c              Src\tim.o

Discarded input sections

 .text          0x00000000        0x0 c:/program files (x86)/atollic/truestudio for stm32 9.3.0/armtools/bin/../lib/gcc/arm-atollic-eabi/6.3.1/armv6-m/crti.o
 .data          0x00000000        0x0 c:/program files (x86)/atollic/truestudio for stm32 9.3.0/armtools/bin/../lib/gcc/arm-atollic-eabi/6.3.1/armv6-m/crti.o
 .bss           0x00000000        0x0 c:/program files (x86)/atollic/truestudio for stm32 9.3.0/armtools/bin/../lib/gcc/arm-atollic-eabi/6.3.1/armv6-m/crti.o
 .data          0x00000000        0x4 c:/program files (x86)/atollic/truestudio for stm32 9.3.0/armtools/bin/../lib/gcc/arm-atollic-eabi/6.3.1/armv6-m/crtbegin.o
 .text          0x00000000        0x0 Drivers\STM32L0xx_HAL_Driver\Src\stm32l0xx_hal.o
 .data          0x00000000        0x0 Drivers\STM32L0xx_HAL_Driver\Src\stm32l0xx_hal.o
 .bss           0x00000000        0x0 Drivers\STM32L0xx_HAL_Driver\Src\stm32l0xx_hal.o
 .text.HAL_MspInit
                0x00000000        0x2 Drivers\STM32L0xx_HAL_Driver\Src\stm32l0xx_hal.o
 .text.HAL_MspDeInit
                0x00000000        0x2 Drivers\STM32L0xx_HAL_Driver\Src\stm32l0xx_hal.o
 .text.HAL_DeInit
                0x00000000       0x28 Drivers\STM32L0xx_HAL_Driver\Src\stm32l0xx_hal.o
 .text.HAL_GetTickPrio
                0x00000000        0xc Drivers\STM32L0xx_HAL_Driver\Src\stm32l0xx_hal.o
 .text.HAL_SetTickFreq
                0x00000000       0x28 Drivers\STM32L0xx_HAL_Driver\Src\stm32l0xx_hal.o
 .text.HAL_GetTickFreq
                0x00000000        0xc Drivers\STM32L0xx_HAL_Driver\Src\stm32l0xx_hal.o
 .text.HAL_SuspendTick
                0x00000000       0x10 Drivers\STM32L0xx_HAL_Driver\Src\stm32l0xx_hal.o
 .text.HAL_ResumeTick
                0x00000000       0x10 Drivers\STM32L0xx_HAL_Driver\Src\stm32l0xx_hal.o
 .text.HAL_GetHalVersion
                0x00000000        0x8 Drivers\STM32L0xx_HAL_Driver\Src\stm32l0xx_hal.o
 .text.HAL_GetREVID
                0x00000000        0xc Drivers\STM32L0xx_HAL_Driver\Src\stm32l0xx_hal.o
 .text.HAL_GetDEVID
                0x00000000       0x10 Drivers\STM32L0xx_HAL_Driver\Src\stm32l0xx_hal.o
 .text.HAL_GetUIDw0
                0x00000000        0xc Drivers\STM32L0xx_HAL_Driver\Src\stm32l0xx_hal.o
 .text.HAL_GetUIDw1
                0x00000000        0xc Drivers\STM32L0xx_HAL_Driver\Src\stm32l0xx_hal.o
 .text.HAL_GetUIDw2
[...]
Memory Configuration

Name             Origin             Length             Attributes
RAM              0x20000000         0x00000800         xrw
FLASH            0x08000000         0x00004000         xr
*default*        0x00000000         0xffffffff

Linker script and memory map

LOAD c:/program files (x86)/atollic/truestudio for stm32 9.3.0/armtools/bin/../lib/gcc/arm-atollic-eabi/6.3.1/armv6-m/crti.o
LOAD c:/program files (x86)/atollic/truestudio for stm32 9.3.0/armtools/bin/../lib/gcc/arm-atollic-eabi/6.3.1/armv6-m/crtbegin.o
LOAD Drivers\STM32L0xx_HAL_Driver\Src\stm32l0xx_hal.o
LOAD Drivers\STM32L0xx_HAL_Driver\Src\stm32l0xx_hal_adc.o
LOAD Drivers\STM32L0xx_HAL_Driver\Src\stm32l0xx_hal_adc_ex.o
LOAD Drivers\STM32L0xx_HAL_Driver\Src\stm32l0xx_hal_cortex.o
LOAD Drivers\STM32L0xx_HAL_Driver\Src\stm32l0xx_hal_dma.o
LOAD Drivers\STM32L0xx_HAL_Driver\Src\stm32l0xx_hal_flash.o
LOAD Drivers\STM32L0xx_HAL_Driver\Src\stm32l0xx_hal_flash_ex.o
LOAD Drivers\STM32L0xx_HAL_Driver\Src\stm32l0xx_hal_flash_ramfunc.o
LOAD Drivers\STM32L0xx_HAL_Driver\Src\stm32l0xx_hal_gpio.o
LOAD Drivers\STM32L0xx_HAL_Driver\Src\stm32l0xx_hal_i2c.o
LOAD Drivers\STM32L0xx_HAL_Driver\Src\stm32l0xx_hal_i2c_ex.o
LOAD Drivers\STM32L0xx_HAL_Driver\Src\stm32l0xx_hal_pwr.o
LOAD Drivers\STM32L0xx_HAL_Driver\Src\stm32l0xx_hal_pwr_ex.o
LOAD Drivers\STM32L0xx_HAL_Driver\Src\stm32l0xx_hal_rcc.o
LOAD Drivers\STM32L0xx_HAL_Driver\Src\stm32l0xx_hal_rcc_ex.o
LOAD Drivers\STM32L0xx_HAL_Driver\Src\stm32l0xx_hal_tim.o
LOAD Drivers\STM32L0xx_HAL_Driver\Src\stm32l0xx_hal_tim_ex.o
LOAD Src\adc.o
LOAD Src\gpio.o
LOAD Src\main.o
LOAD Src\stm32l0xx_hal_msp.o
LOAD Src\stm32l0xx_it.o
LOAD Src\syscalls.o
LOAD Src\system_stm32l0xx.o
LOAD Src\tim.o
LOAD startup\startup_stm32l011xx.o
                0x00000080                malloc_getpagesize_P = 0x80
START GROUP
LOAD c:/program files (x86)/atollic/truestudio for stm32 9.3.0/armtools/bin/../lib/gcc/arm-atollic-eabi/6.3.1/../../../../arm-atollic-eabi/lib/armv6-m\libc_nano.a
LOAD c:/program files (x86)/atollic/truestudio for stm32 9.3.0/armtools/bin/../lib/gcc/arm-atollic-eabi/6.3.1/../../../../arm-atollic-eabi/lib/armv6-m\libm.a
END GROUP
START GROUP
LOAD c:/program files (x86)/atollic/truestudio for stm32 9.3.0/armtools/bin/../lib/gcc/arm-atollic-eabi/6.3.1/armv6-m\libgcc.a
LOAD c:/program files (x86)/atollic/truestudio for stm32 9.3.0/armtools/bin/../lib/gcc/arm-atollic-eabi/6.3.1/../../../../arm-atollic-eabi/lib/armv6-m\libc_nano.a
END GROUP
START GROUP
LOAD c:/program files (x86)/atollic/truestudio for stm32 9.3.0/armtools/bin/../lib/gcc/arm-atollic-eabi/6.3.1/armv6-m\libgcc.a
LOAD c:/program files (x86)/atollic/truestudio for stm32 9.3.0/armtools/bin/../lib/gcc/arm-atollic-eabi/6.3.1/../../../../arm-atollic-eabi/lib/armv6-m\libc_nano.a
LOAD c:/program files (x86)/atollic/truestudio for stm32 9.3.0/armtools/bin/../lib/gcc/arm-atollic-eabi/6.3.1/../../../../arm-atollic-eabi/lib/armv6-m\libnosys.a
END GROUP
START GROUP
LOAD c:/program files (x86)/atollic/truestudio for stm32 9.3.0/armtools/bin/../lib/gcc/arm-atollic-eabi/6.3.1/armv6-m\libgcc.a
LOAD c:/program files (x86)/atollic/truestudio for stm32 9.3.0/armtools/bin/../lib/gcc/arm-atollic-eabi/6.3.1/../../../../arm-atollic-eabi/lib/armv6-m\libc_nano.a
LOAD c:/program files (x86)/atollic/truestudio for stm32 9.3.0/armtools/bin/../lib/gcc/arm-atollic-eabi/6.3.1/../../../../arm-atollic-eabi/lib/armv6-m\libnosys.a
END GROUP
LOAD c:/program files (x86)/atollic/truestudio for stm32 9.3.0/armtools/bin/../lib/gcc/arm-atollic-eabi/6.3.1/armv6-m/crtend.o
LOAD c:/program files (x86)/atollic/truestudio for stm32 9.3.0/armtools/bin/../lib/gcc/arm-atollic-eabi/6.3.1/armv6-m/crtn.o
                0x20000800                _estack = 0x20000800
                0x00000200                _Min_Heap_Size = 0x200
                0x00000400                _Min_Stack_Size = 0x400

.isr_vector     0x08000000       0xc0
                0x08000000                . = ALIGN (0x4)
 *(.isr_vector)
 .isr_vector    0x08000000       0xc0 startup\startup_stm32l011xx.o
                0x08000000                g_pfnVectors
                0x080000c0                . = ALIGN (0x4)

.text           0x080000c0     0x1c4c
                0x080000c0                . = ALIGN (0x4)
 *(.text)
 .text          0x080000c0       0x48 c:/program files (x86)/atollic/truestudio for stm32 9.3.0/armtools/bin/../lib/gcc/arm-atollic-eabi/6.3.1/armv6-m/crtbegin.o
 .text          0x08000108       0x14 c:/program files (x86)/atollic/truestudio for stm32 9.3.0/armtools/bin/../lib/gcc/arm-atollic-eabi/6.3.1/armv6-m\libgcc.a(_thumb1_case_uqi.o)
                0x08000108                __gnu_thumb1_case_uqi
 .text          0x0800011c      0x114 c:/program files (x86)/atollic/truestudio for stm32 9.3.0/armtools/bin/../lib/gcc/arm-atollic-eabi/6.3.1/armv6-m\libgcc.a(_udivsi3.o)
                0x0800011c                __aeabi_uidiv
                0x0800011c                __udivsi3
                0x08000228                __aeabi_uidivmod
 .text          0x08000230      0x1d4 c:/program files (x86)/atollic/truestudio for stm32 9.3.0/armtools/bin/../lib/gcc/arm-atollic-eabi/6.3.1/armv6-m\libgcc.a(_divsi3.o)
                0x08000230                __divsi3
                0x08000230                __aeabi_idiv
                0x080003fc                __aeabi_idivmod
 .text          0x08000404        0x4 c:/program files (x86)/atollic/truestudio for stm32 9.3.0/armtools/bin/../lib/gcc/arm-atollic-eabi/6.3.1/armv6-m\libgcc.a(_dvmd_tls.o)
                0x08000404                __aeabi_idiv0
                0x08000404                __aeabi_ldiv0
 *(.text*)
 .text.HAL_InitTick
                0x08000408       0x48 Drivers\STM32L0xx_HAL_Driver\Src\stm32l0xx_hal.o
                0x08000408                HAL_InitTick
 .text.HAL_Init
                0x08000450       0x28 Drivers\STM32L0xx_HAL_Driver\Src\stm32l0xx_hal.o
                0x08000450                HAL_Init
 .text.HAL_IncTick
                0x08000478       0x18 Drivers\STM32L0xx_HAL_Driver\Src\stm32l0xx_hal.o
                0x08000478                HAL_IncTick
 .text.HAL_GetTick
                0x08000490        0xc Drivers\STM32L0xx_HAL_Driver\Src\stm32l0xx_hal.o
                0x08000490                HAL_GetTick
 .text.HAL_Delay
                0x0800049c       0x24 Drivers\STM32L0xx_HAL_Driver\Src\stm32l0xx_hal.o
                0x0800049c                HAL_Delay
 .text.ADC_DelayMicroSecond
                0x080004c0       0x2c Drivers\STM32L0xx_HAL_Driver\Src\stm32l0xx_hal_adc.o
 .text.ADC_Enable
                0x080004ec       0x70 Drivers\STM32L0xx_HAL_Driver\Src\stm32l0xx_hal_adc.o
 .text.HAL_ADC_Init
                0x0800055c      0x1b0 Drivers\STM32L0xx_HAL_Driver\Src\stm32l0xx_hal_adc.o
                0x0800055c                HAL_ADC_Init
 .text.HAL_ADC_Start
                0x0800070c       0x58 Drivers\STM32L0xx_HAL_Driver\Src\stm32l0xx_hal_adc.o
                0x0800070c                HAL_ADC_Start
 .text.HAL_ADC_PollForConversion
                0x08000764       0xbc Drivers\STM32L0xx_HAL_Driver\Src\stm32l0xx_hal_adc.o
                0x08000764                HAL_ADC_PollForConversion
 .text.HAL_ADC_GetValue
                0x08000820        0x6 Drivers\STM32L0xx_HAL_Driver\Src\stm32l0xx_hal_adc.o
                0x08000820                HAL_ADC_GetValue
 *fill*         0x08000826        0x2 
 .text.HAL_ADC_ConfigChannel
                0x08000828       0xa8 Drivers\STM32L0xx_HAL_Driver\Src\stm32l0xx_hal_adc.o
                0x08000828                HAL_ADC_ConfigChannel
 .text.HAL_NVIC_SetPriority
                0x080008d0       0x60 Drivers\STM32L0xx_HAL_Driver\Src\stm32l0xx_hal_cortex.o
                0x080008d0                HAL_NVIC_SetPriority
 .text.HAL_NVIC_EnableIRQ
                0x08000930       0x14 Drivers\STM32L0xx_HAL_Driver\Src\stm32l0xx_hal_cortex.o
                0x08000930                HAL_NVIC_EnableIRQ
 .text.HAL_SYSTICK_Config
                0x08000944       0x34 Drivers\STM32L0xx_HAL_Driver\Src\stm32l0xx_hal_cortex.o
                0x08000944                HAL_SYSTICK_Config
 .text.HAL_GPIO_Init
                0x08000978      0x154 Drivers\STM32L0xx_HAL_Driver\Src\stm32l0xx_hal_gpio.o
                0x08000978                HAL_GPIO_Init
 .text.HAL_GPIO_WritePin
                0x08000acc        0xc Drivers\STM32L0xx_HAL_Driver\Src\stm32l0xx_hal_gpio.o
                0x08000acc                HAL_GPIO_WritePin
 .text.HAL_GPIO_EXTI_IRQHandler
                0x08000ad8       0x18 Drivers\STM32L0xx_HAL_Driver\Src\stm32l0xx_hal_gpio.o
                0x08000ad8                HAL_GPIO_EXTI_IRQHandler
 .text.HAL_RCC_GetSysClockFreq
                0x08000af0       0x78 Drivers\STM32L0xx_HAL_Driver\Src\stm32l0xx_hal_rcc.o
                0x08000af0                HAL_RCC_GetSysClockFreq
 .text.HAL_RCC_OscConfig
                0x08000b68      0x4a4 Drivers\STM32L0xx_HAL_Driver\Src\stm32l0xx_hal_rcc.o
                0x08000b68                HAL_RCC_OscConfig
 .text.HAL_RCC_ClockConfig
                0x0800100c      0x170 Drivers\STM32L0xx_HAL_Driver\Src\stm32l0xx_hal_rcc.o
                0x0800100c                HAL_RCC_ClockConfig
 .text.TIM_Base_SetConfig
                0x0800117c       0x4c Drivers\STM32L0xx_HAL_Driver\Src\stm32l0xx_hal_tim.o
 .text.TIM_OC1_SetConfig
                0x080011c8       0x2c Drivers\STM32L0xx_HAL_Driver\Src\stm32l0xx_hal_tim.o
 .text.TIM_OC2_SetConfig
                0x080011f4       0x38 Drivers\STM32L0xx_HAL_Driver\Src\stm32l0xx_hal_tim.o
 .text.TIM_CCxChannelCmd
                0x0800122c       0x1a Drivers\STM32L0xx_HAL_Driver\Src\stm32l0xx_hal_tim.o
 .text.HAL_TIM_Base_Init
                0x08001246       0x36 Drivers\STM32L0xx_HAL_Driver\Src\stm32l0xx_hal_tim.o
                0x08001246                HAL_TIM_Base_Init
 .text.HAL_TIM_Base_Start
                0x0800127c       0x24 Drivers\STM32L0xx_HAL_Driver\Src\stm32l0xx_hal_tim.o
                0x0800127c                HAL_TIM_Base_Start
 .text.HAL_TIM_PWM_MspInit
                0x080012a0        0x2 Drivers\STM32L0xx_HAL_Driver\Src\stm32l0xx_hal_tim.o
                0x080012a0                HAL_TIM_PWM_MspInit
 .text.HAL_TIM_PWM_Init
                0x080012a2       0x36 Drivers\STM32L0xx_HAL_Driver\Src\stm32l0xx_hal_tim.o
                0x080012a2                HAL_TIM_PWM_Init
 .text.HAL_TIM_IC_Start
                0x080012d8       0x24 Drivers\STM32L0xx_HAL_Driver\Src\stm32l0xx_hal_tim.o
                0x080012d8                HAL_TIM_IC_Start
 .text.HAL_TIM_PWM_Start
                0x080012fc        0x8 Drivers\STM32L0xx_HAL_Driver\Src\stm32l0xx_hal_tim.o
                0x080012fc                HAL_TIM_PWM_Start
 .text.HAL_TIM_PWM_ConfigChannel
                0x08001304      0x12c Drivers\STM32L0xx_HAL_Driver\Src\stm32l0xx_hal_tim.o
                0x08001304                HAL_TIM_PWM_ConfigChannel
 .text.HAL_TIM_ConfigClockSource
                0x08001430      0x144 Drivers\STM32L0xx_HAL_Driver\Src\stm32l0xx_hal_tim.o
                0x08001430                HAL_TIM_ConfigClockSource
 .text.HAL_TIMEx_MasterConfigSynchronization
                0x08001574       0x3a Drivers\STM32L0xx_HAL_Driver\Src\stm32l0xx_hal_tim_ex.o
                0x08001574                HAL_TIMEx_MasterConfigSynchronization
 *fill*         0x080015ae        0x2 
 .text.MX_ADC_Init
                0x080015b0       0x80 Src\adc.o
                0x080015b0                MX_ADC_Init
 .text.HAL_ADC_MspInit
                0x08001630       0x54 Src\adc.o
                0x08001630                HAL_ADC_MspInit
 .text.MX_GPIO_Init
                0x08001684       0x74 Src\gpio.o
                0x08001684                MX_GPIO_Init
 .text.delay_us
                0x080016f8       0x14 Src\main.o
                0x080016f8                delay_us
 .text.burst    0x0800170c       0x38 Src\main.o
                0x0800170c                burst
 .text.send_symbol
                0x08001744       0x40 Src\main.o
                0x08001744                send_symbol
 .text.SystemClock_Config
                0x08001784       0x70 Src\main.o
                0x08001784                SystemClock_Config
 .text.startup.main
                0x080017f4      0x1c8 Src\main.o
                0x080017f4                main
 .text.HAL_GPIO_EXTI_Callback
                0x080019bc       0x10 Src\main.o
                0x080019bc                HAL_GPIO_EXTI_Callback
 .text.Error_Handler
                0x080019cc        0x2 Src\main.o
                0x080019cc                Error_Handler
 *fill*         0x080019ce        0x2 
 .text.HAL_MspInit
                0x080019d0       0x1c Src\stm32l0xx_hal_msp.o
                0x080019d0                HAL_MspInit
 .text.NMI_Handler
                0x080019ec        0x2 Src\stm32l0xx_it.o
                0x080019ec                NMI_Handler
 .text.HardFault_Handler
                0x080019ee        0x2 Src\stm32l0xx_it.o
                0x080019ee                HardFault_Handler
 .text.SVC_Handler
                0x080019f0        0x2 Src\stm32l0xx_it.o
                0x080019f0                SVC_Handler
 .text.PendSV_Handler
                0x080019f2        0x2 Src\stm32l0xx_it.o
                0x080019f2                PendSV_Handler
 .text.SysTick_Handler
                0x080019f4        0x8 Src\stm32l0xx_it.o
                0x080019f4                SysTick_Handler
 .text.EXTI4_15_IRQHandler
                0x080019fc        0xa Src\stm32l0xx_it.o
                0x080019fc                EXTI4_15_IRQHandler
 *fill*         0x08001a06        0x2 
 .text.SystemInit
                0x08001a08       0x5c Src\system_stm32l0xx.o
                0x08001a08                SystemInit
 .text.MX_TIM21_Init
                0x08001a64       0x78 Src\tim.o
                0x08001a64                MX_TIM21_Init
 .text.HAL_TIM_Base_MspInit
                0x08001adc       0x30 Src\tim.o
                0x08001adc                HAL_TIM_Base_MspInit
 .text.HAL_TIM_MspPostInit
                0x08001b0c       0x48 Src\tim.o
                0x08001b0c                HAL_TIM_MspPostInit
 .text.MX_TIM2_Init
                0x08001b54       0xd4 Src\tim.o
                0x08001b54                MX_TIM2_Init
 .text.Reset_Handler
                0x08001c28       0x70 startup\startup_stm32l011xx.o
                0x08001c28                Reset_Handler
 .text.Default_Handler
                0x08001c98        0x2 startup\startup_stm32l011xx.o
                0x08001c98                ADC1_COMP_IRQHandler
                0x08001c98                PVD_IRQHandler
                0x08001c98                I2C1_IRQHandler
                0x08001c98                SPI1_IRQHandler
                0x08001c98                EXTI2_3_IRQHandler
                0x08001c98                RTC_IRQHandler
                0x08001c98                RCC_IRQHandler
                0x08001c98                DMA1_Channel1_IRQHandler
                0x08001c98                Default_Handler
                0x08001c98                DMA1_Channel4_5_IRQHandler
                0x08001c98                EXTI0_1_IRQHandler
                0x08001c98                TIM21_IRQHandler
                0x08001c98                WWDG_IRQHandler
                0x08001c98                LPUART1_IRQHandler
                0x08001c98                TIM2_IRQHandler
                0x08001c98                DMA1_Channel2_3_IRQHandler
                0x08001c98                USART2_IRQHandler
                0x08001c98                FLASH_IRQHandler
                0x08001c98                LPTIM1_IRQHandler
 *fill*         0x08001c9a        0x2 
 .text.__libc_init_array
                0x08001c9c       0x48 c:/program files (x86)/atollic/truestudio for stm32 9.3.0/armtools/bin/../lib/gcc/arm-atollic-eabi/6.3.1/../../../../arm-atollic-eabi/lib/armv6-m\libc_nano.a(lib_a-init.o)
                0x08001c9c                __libc_init_array
 .text.memset   0x08001ce4       0x10 c:/program files (x86)/atollic/truestudio for stm32 9.3.0/armtools/bin/../lib/gcc/arm-atollic-eabi/6.3.1/../../../../arm-atollic-eabi/lib/armv6-m\libc_nano.a(lib_a-memset.o)
                0x08001ce4                memset
 *(.glue_7)
 .glue_7        0x08001cf4        0x0 linker stubs
 *(.glue_7t)
 .glue_7t       0x08001cf4        0x0 linker stubs
 *(.eh_frame)
 .eh_frame      0x08001cf4        0x0 c:/program files (x86)/atollic/truestudio for stm32 9.3.0/armtools/bin/../lib/gcc/arm-atollic-eabi/6.3.1/armv6-m/crtbegin.o
 *(.init)
 .init          0x08001cf4        0x4 c:/program files (x86)/atollic/truestudio for stm32 9.3.0/armtools/bin/../lib/gcc/arm-atollic-eabi/6.3.1/armv6-m/crti.o
                0x08001cf4                _init
 .init          0x08001cf8        0x8 c:/program files (x86)/atollic/truestudio for stm32 9.3.0/armtools/bin/../lib/gcc/arm-atollic-eabi/6.3.1/armv6-m/crtn.o
 *(.fini)
 .fini          0x08001d00        0x4 c:/program files (x86)/atollic/truestudio for stm32 9.3.0/armtools/bin/../lib/gcc/arm-atollic-eabi/6.3.1/armv6-m/crti.o
                0x08001d00                _fini
 .fini          0x08001d04        0x8 c:/program files (x86)/atollic/truestudio for stm32 9.3.0/armtools/bin/../lib/gcc/arm-atollic-eabi/6.3.1/armv6-m/crtn.o
                0x08001d0c                . = ALIGN (0x4)
                0x08001d0c                _etext = .

.vfp11_veneer   0x08001d0c        0x0
 .vfp11_veneer  0x08001d0c        0x0 linker stubs

.v4_bx          0x08001d0c        0x0
 .v4_bx         0x08001d0c        0x0 linker stubs

.iplt           0x08001d0c        0x0
 .iplt          0x08001d0c        0x0 c:/program files (x86)/atollic/truestudio for stm32 9.3.0/armtools/bin/../lib/gcc/arm-atollic-eabi/6.3.1/armv6-m/crtbegin.o

.rodata         0x08001d0c       0x1c
                0x08001d0c                . = ALIGN (0x4)
 *(.rodata)
 *(.rodata*)
 .rodata.AHBPrescTable
                0x08001d0c       0x10 Src\system_stm32l0xx.o
                0x08001d0c                AHBPrescTable
 .rodata.PLLMulTable
                0x08001d1c        0x9 Src\system_stm32l0xx.o
                0x08001d1c                PLLMulTable
                0x08001d28                . = ALIGN (0x4)
 *fill*         0x08001d25        0x3 

.rel.dyn        0x08001d28        0x0
 .rel.iplt      0x08001d28        0x0 c:/program files (x86)/atollic/truestudio for stm32 9.3.0/armtools/bin/../lib/gcc/arm-atollic-eabi/6.3.1/armv6-m/crtbegin.o

.ARM.extab
 *(.ARM.extab* .gnu.linkonce.armextab.*)

.ARM            0x08001d28        0x0
                0x08001d28                __exidx_start = .
 *(.ARM.exidx*)
                0x08001d28                __exidx_end = .

.preinit_array  0x08001d28        0x0
                0x08001d28                PROVIDE (__preinit_array_start, .)
 *(.preinit_array*)
                0x08001d28                PROVIDE (__preinit_array_end, .)

.init_array     0x08001d28        0x4
                0x08001d28                PROVIDE (__init_array_start, .)
 *(SORT(.init_array.*))
 *(.init_array*)
 .init_array    0x08001d28        0x4 c:/program files (x86)/atollic/truestudio for stm32 9.3.0/armtools/bin/../lib/gcc/arm-atollic-eabi/6.3.1/armv6-m/crtbegin.o
                0x08001d2c                PROVIDE (__init_array_end, .)

.fini_array     0x08001d2c        0x4
                [!provide]                PROVIDE (__fini_array_start, .)
 *(SORT(.fini_array.*))
 *(.fini_array*)
 .fini_array    0x08001d2c        0x4 c:/program files (x86)/atollic/truestudio for stm32 9.3.0/armtools/bin/../lib/gcc/arm-atollic-eabi/6.3.1/armv6-m/crtbegin.o
                [!provide]                PROVIDE (__fini_array_end, .)
                0x08001d30                _sidata = LOADADDR (.data)

.data           0x20000000       0x10 load address 0x08001d30
                0x20000000                . = ALIGN (0x4)
                0x20000000                _sdata = .
 *(.data)
 *(.data*)
 .data.uwTickFreq
                0x20000000        0x1 Drivers\STM32L0xx_HAL_Driver\Src\stm32l0xx_hal.o
                0x20000000                uwTickFreq
 *fill*         0x20000001        0x3 
 .data.uwTickPrio
                0x20000004        0x4 Drivers\STM32L0xx_HAL_Driver\Src\stm32l0xx_hal.o
                0x20000004                uwTickPrio
 .data.button   0x20000008        0x1 Src\main.o
                0x20000008                button
 *fill*         0x20000009        0x3 
 .data.SystemCoreClock
                0x2000000c        0x4 Src\system_stm32l0xx.o
                0x2000000c                SystemCoreClock
                0x20000010                . = ALIGN (0x4)
                0x20000010                _edata = .

.igot.plt       0x20000010        0x0 load address 0x08001d40
 .igot.plt      0x20000010        0x0 c:/program files (x86)/atollic/truestudio for stm32 9.3.0/armtools/bin/../lib/gcc/arm-atollic-eabi/6.3.1/armv6-m/crtbegin.o
                0x20000010                . = ALIGN (0x4)

.bss            0x20000010       0xf4 load address 0x08001d40
                0x20000010                _sbss = .
                0x20000010                __bss_start__ = _sbss
 *(.bss)
 .bss           0x20000010       0x1c c:/program files (x86)/atollic/truestudio for stm32 9.3.0/armtools/bin/../lib/gcc/arm-atollic-eabi/6.3.1/armv6-m/crtbegin.o
 *(.bss*)
 *(COMMON)
 COMMON         0x2000002c        0x4 Drivers\STM32L0xx_HAL_Driver\Src\stm32l0xx_hal.o
                0x2000002c                uwTick
 COMMON         0x20000030       0x5c Src\adc.o
                0x20000030                hadc
 COMMON         0x2000008c       0x78 Src\tim.o
                0x2000008c                htim2
                0x200000c8                htim21
                0x20000104                . = ALIGN (0x4)
                0x20000104                _ebss = .
                0x20000104                __bss_end__ = _ebss

._user_heap_stack
                0x20000104      0x600 load address 0x08001d40
                0x20000104                . = ALIGN (0x4)
                0x20000104                PROVIDE (end, .)
                [!provide]                PROVIDE (_end, .)
                0x20000304                . = (. + _Min_Heap_Size)
 *fill*         0x20000104      0x200 
                0x20000704                . = (. + _Min_Stack_Size)
 *fill*         0x20000304      0x400 
                0x20000704                . = ALIGN (0x4)

/DISCARD/
 libc.a(*)
 libm.a(*)
 libgcc.a(*)

.ARM.attributes
                0x00000000       0x28
 *(.ARM.attributes)
 .ARM.attributes
                0x00000000       0x1e c:/program files (x86)/atollic/truestudio for stm32 9.3.0/armtools/bin/../lib/gcc/arm-atollic-eabi/6.3.1/armv6-m/crti.o
 .ARM.attributes
                0x0000001e       0x2c c:/program files (x86)/atollic/truestudio for stm32 9.3.0/armtools/bin/../lib/gcc/arm-atollic-eabi/6.3.1/armv6-m/crtbegin.o
 .ARM.attributes
                0x0000004a       0x32 Drivers\STM32L0xx_HAL_Driver\Src\stm32l0xx_hal.o
 .ARM.attributes
                0x0000007c       0x32 Drivers\STM32L0xx_HAL_Driver\Src\stm32l0xx_hal_adc.o
 .ARM.attributes
                0x000000ae       0x32 Drivers\STM32L0xx_HAL_Driver\Src\stm32l0xx_hal_cortex.o
 .ARM.attributes
                0x000000e0       0x32 Drivers\STM32L0xx_HAL_Driver\Src\stm32l0xx_hal_gpio.o
 .ARM.attributes
                0x00000112       0x32 Drivers\STM32L0xx_HAL_Driver\Src\stm32l0xx_hal_rcc.o
 .ARM.attributes
                0x00000144       0x32 Drivers\STM32L0xx_HAL_Driver\Src\stm32l0xx_hal_tim.o
 .ARM.attributes
                0x00000176       0x32 Drivers\STM32L0xx_HAL_Driver\Src\stm32l0xx_hal_tim_ex.o
 .ARM.attributes
                0x000001a8       0x32 Src\adc.o
 .ARM.attributes
                0x000001da       0x32 Src\gpio.o
 .ARM.attributes
                0x0000020c       0x32 Src\main.o
 .ARM.attributes
                0x0000023e       0x32 Src\stm32l0xx_hal_msp.o
 .ARM.attributes
                0x00000270       0x32 Src\stm32l0xx_it.o
 .ARM.attributes
                0x000002a2       0x32 Src\system_stm32l0xx.o
 .ARM.attributes
                0x000002d4       0x32 Src\tim.o
 .ARM.attributes
                0x00000306       0x22 startup\startup_stm32l011xx.o
 .ARM.attributes
                0x00000328       0x2c c:/program files (x86)/atollic/truestudio for stm32 9.3.0/armtools/bin/../lib/gcc/arm-atollic-eabi/6.3.1/../../../../arm-atollic-eabi/lib/armv6-m\libc_nano.a(lib_a-init.o)
 .ARM.attributes
                0x00000354       0x2c c:/program files (x86)/atollic/truestudio for stm32 9.3.0/armtools/bin/../lib/gcc/arm-atollic-eabi/6.3.1/../../../../arm-atollic-eabi/lib/armv6-m\libc_nano.a(lib_a-memset.o)
 .ARM.attributes
                0x00000380       0x1e c:/program files (x86)/atollic/truestudio for stm32 9.3.0/armtools/bin/../lib/gcc/arm-atollic-eabi/6.3.1/armv6-m\libgcc.a(_thumb1_case_uqi.o)
 .ARM.attributes
                0x0000039e       0x1e c:/program files (x86)/atollic/truestudio for stm32 9.3.0/armtools/bin/../lib/gcc/arm-atollic-eabi/6.3.1/armv6-m\libgcc.a(_udivsi3.o)
 .ARM.attributes
                0x000003bc       0x1e c:/program files (x86)/atollic/truestudio for stm32 9.3.0/armtools/bin/../lib/gcc/arm-atollic-eabi/6.3.1/armv6-m\libgcc.a(_divsi3.o)
 .ARM.attributes
                0x000003da       0x1e c:/program files (x86)/atollic/truestudio for stm32 9.3.0/armtools/bin/../lib/gcc/arm-atollic-eabi/6.3.1/armv6-m\libgcc.a(_dvmd_tls.o)
 .ARM.attributes
                0x000003f8       0x1e c:/program files (x86)/atollic/truestudio for stm32 9.3.0/armtools/bin/../lib/gcc/arm-atollic-eabi/6.3.1/armv6-m/crtn.o
OUTPUT(Nadajnik_final.elf elf32-littlearm)

.debug_info     0x00000000     0xa2e9
 .debug_info    0x00000000      0x8e9 Drivers\STM32L0xx_HAL_Driver\Src\stm32l0xx_hal.o
 .debug_info    0x000008e9      0xf80 Drivers\STM32L0xx_HAL_Driver\Src\stm32l0xx_hal_adc.o
 .debug_info    0x00001869      0x833 Drivers\STM32L0xx_HAL_Driver\Src\stm32l0xx_hal_cortex.o
 .debug_info    0x0000209c      0x725 Drivers\STM32L0xx_HAL_Driver\Src\stm32l0xx_hal_gpio.o
 .debug_info    0x000027c1      0xb49 Drivers\STM32L0xx_HAL_Driver\Src\stm32l0xx_hal_rcc.o
 .debug_info    0x0000330a     0x33eb Drivers\STM32L0xx_HAL_Driver\Src\stm32l0xx_hal_tim.o
 .debug_info    0x000066f5      0x6d3 Drivers\STM32L0xx_HAL_Driver\Src\stm32l0xx_hal_tim_ex.o
 .debug_info    0x00006dc8      0xa36 Src\adc.o
 .debug_info    0x000077fe      0x56f Src\gpio.o
 .debug_info    0x00007d6d      0xfaa Src\main.o
 .debug_info    0x00008d17      0x2a6 Src\stm32l0xx_hal_msp.o
 .debug_info    0x00008fbd      0x218 Src\stm32l0xx_it.o
 .debug_info    0x000091d5      0x3e0 Src\system_stm32l0xx.o
 .debug_info    0x000095b5      0xcb7 Src\tim.o
 .debug_info    0x0000a26c       0x7d startup\startup_stm32l011xx.o

.debug_abbrev   0x00000000     0x1ba8
 .debug_abbrev  0x00000000      0x282 Drivers\STM32L0xx_HAL_Driver\Src\stm32l0xx_hal.o
 .debug_abbrev  0x00000282      0x2a5 Drivers\STM32L0xx_HAL_Driver\Src\stm32l0xx_hal_adc.o
 .debug_abbrev  0x00000527      0x232 Drivers\STM32L0xx_HAL_Driver\Src\stm32l0xx_hal_cortex.o
 .debug_abbrev  0x00000759      0x1ca Drivers\STM32L0xx_HAL_Driver\Src\stm32l0xx_hal_gpio.o
 .debug_abbrev  0x00000923      0x2a6 Drivers\STM32L0xx_HAL_Driver\Src\stm32l0xx_hal_rcc.o
 .debug_abbrev  0x00000bc9      0x32a Drivers\STM32L0xx_HAL_Driver\Src\stm32l0xx_hal_tim.o
 .debug_abbrev  0x00000ef3      0x197 Drivers\STM32L0xx_HAL_Driver\Src\stm32l0xx_hal_tim_ex.o
 .debug_abbrev  0x0000108a      0x1de Src\adc.o
 .debug_abbrev  0x00001268      0x182 Src\gpio.o
 .debug_abbrev  0x000013ea      0x2a1 Src\main.o
 .debug_abbrev  0x0000168b       0xe1 Src\stm32l0xx_hal_msp.o
 .debug_abbrev  0x0000176c      0x126 Src\stm32l0xx_it.o
 .debug_abbrev  0x00001892      0x126 Src\system_stm32l0xx.o
 .debug_abbrev  0x000019b8      0x1de Src\tim.o
 .debug_abbrev  0x00001b96       0x12 startup\startup_stm32l011xx.o

.debug_loc      0x00000000     0x553f
 .debug_loc     0x00000000      0x15c Drivers\STM32L0xx_HAL_Driver\Src\stm32l0xx_hal.o
 .debug_loc     0x0000015c      0xa74 Drivers\STM32L0xx_HAL_Driver\Src\stm32l0xx_hal_adc.o
 .debug_loc     0x00000bd0      0x3cc Drivers\STM32L0xx_HAL_Driver\Src\stm32l0xx_hal_cortex.o
 .debug_loc     0x00000f9c      0x314 Drivers\STM32L0xx_HAL_Driver\Src\stm32l0xx_hal_gpio.o
 .debug_loc     0x000012b0      0x53e Drivers\STM32L0xx_HAL_Driver\Src\stm32l0xx_hal_rcc.o
 .debug_loc     0x000017ee     0x37b7 Drivers\STM32L0xx_HAL_Driver\Src\stm32l0xx_hal_tim.o
 .debug_loc     0x00004fa5       0xd3 Drivers\STM32L0xx_HAL_Driver\Src\stm32l0xx_hal_tim_ex.o
 .debug_loc     0x00005078       0x4d Src\adc.o
 .debug_loc     0x000050c5      0x2f3 Src\main.o
 .debug_loc     0x000053b8      0x15b Src\system_stm32l0xx.o
 .debug_loc     0x00005513       0x2c Src\tim.o

.debug_aranges  0x00000000      0x700
 .debug_aranges
                0x00000000      0x108 Drivers\STM32L0xx_HAL_Driver\Src\stm32l0xx_hal.o
 .debug_aranges
                0x00000108       0xd8 Drivers\STM32L0xx_HAL_Driver\Src\stm32l0xx_hal_adc.o
 .debug_aranges
                0x000001e0       0x78 Drivers\STM32L0xx_HAL_Driver\Src\stm32l0xx_hal_cortex.o
 .debug_aranges
                0x00000258       0x58 Drivers\STM32L0xx_HAL_Driver\Src\stm32l0xx_hal_gpio.o
 .debug_aranges
                0x000002b0       0x68 Drivers\STM32L0xx_HAL_Driver\Src\stm32l0xx_hal_rcc.o
 .debug_aranges
                0x00000318      0x238 Drivers\STM32L0xx_HAL_Driver\Src\stm32l0xx_hal_tim.o
 .debug_aranges
                0x00000550       0x28 Drivers\STM32L0xx_HAL_Driver\Src\stm32l0xx_hal_tim_ex.o
 .debug_aranges
                0x00000578       0x30 Src\adc.o
 .debug_aranges
                0x000005a8       0x20 Src\gpio.o
 .debug_aranges
                0x000005c8       0x50 Src\main.o
 .debug_aranges
                0x00000618       0x20 Src\stm32l0xx_hal_msp.o
 .debug_aranges
                0x00000638       0x38 Src\stm32l0xx_it.o
 .debug_aranges
                0x00000670       0x28 Src\system_stm32l0xx.o
 .debug_aranges
                0x00000698       0x40 Src\tim.o
 .debug_aranges
                0x000006d8       0x28 startup\startup_stm32l011xx.o

.debug_ranges   0x00000000      0xa40
 .debug_ranges  0x00000000       0xf8 Drivers\STM32L0xx_HAL_Driver\Src\stm32l0xx_hal.o
 .debug_ranges  0x000000f8       0xc8 Drivers\STM32L0xx_HAL_Driver\Src\stm32l0xx_hal_adc.o
 .debug_ranges  0x000001c0      0x120 Drivers\STM32L0xx_HAL_Driver\Src\stm32l0xx_hal_cortex.o
 .debug_ranges  0x000002e0       0x48 Drivers\STM32L0xx_HAL_Driver\Src\stm32l0xx_hal_gpio.o
 .debug_ranges  0x00000328       0xa0 Drivers\STM32L0xx_HAL_Driver\Src\stm32l0xx_hal_rcc.o
 .debug_ranges  0x000003c8      0x488 Drivers\STM32L0xx_HAL_Driver\Src\stm32l0xx_hal_tim.o
 .debug_ranges  0x00000850       0x18 Drivers\STM32L0xx_HAL_Driver\Src\stm32l0xx_hal_tim_ex.o
 .debug_ranges  0x00000868       0x40 Src\adc.o
 .debug_ranges  0x000008a8       0x48 Src\gpio.o
 .debug_ranges  0x000008f0       0x98 Src\main.o
 .debug_ranges  0x00000988       0x10 Src\stm32l0xx_hal_msp.o
 .debug_ranges  0x00000998       0x28 Src\stm32l0xx_it.o
 .debug_ranges  0x000009c0       0x18 Src\system_stm32l0xx.o
 .debug_ranges  0x000009d8       0x48 Src\tim.o
 .debug_ranges  0x00000a20       0x20 startup\startup_stm32l011xx.o

.debug_line     0x00000000     0x3e60
 .debug_line    0x00000000      0x49f Drivers\STM32L0xx_HAL_Driver\Src\stm32l0xx_hal.o
 .debug_line    0x0000049f      0x7be Drivers\STM32L0xx_HAL_Driver\Src\stm32l0xx_hal_adc.o
 .debug_line    0x00000c5d      0x3b7 Drivers\STM32L0xx_HAL_Driver\Src\stm32l0xx_hal_cortex.o
 .debug_line    0x00001014      0x38a Drivers\STM32L0xx_HAL_Driver\Src\stm32l0xx_hal_gpio.o
 .debug_line    0x0000139e      0x550 Drivers\STM32L0xx_HAL_Driver\Src\stm32l0xx_hal_rcc.o
 .debug_line    0x000018ee     0x1109 Drivers\STM32L0xx_HAL_Driver\Src\stm32l0xx_hal_tim.o
 .debug_line    0x000029f7      0x2a8 Drivers\STM32L0xx_HAL_Driver\Src\stm32l0xx_hal_tim_ex.o
 .debug_line    0x00002c9f      0x298 Src\adc.o
 .debug_line    0x00002f37      0x200 Src\gpio.o
 .debug_line    0x00003137      0x3c5 Src\main.o
 .debug_line    0x000034fc      0x1c2 Src\stm32l0xx_hal_msp.o
 .debug_line    0x000036be      0x1f2 Src\stm32l0xx_it.o
 .debug_line    0x000038b0      0x22f Src\system_stm32l0xx.o
 .debug_line    0x00003adf      0x2ec Src\tim.o
 .debug_line    0x00003dcb       0x95 startup\startup_stm32l011xx.o

.debug_str      0x00000000     0x2808
 .debug_str     0x00000000      0x7e0 Drivers\STM32L0xx_HAL_Driver\Src\stm32l0xx_hal.o
                                0x837 (size before relaxing)
 .debug_str     0x000007e0      0x71e Drivers\STM32L0xx_HAL_Driver\Src\stm32l0xx_hal_adc.o
                                0xa32 (size before relaxing)
 .debug_str     0x00000efe      0x1d5 Drivers\STM32L0xx_HAL_Driver\Src\stm32l0xx_hal_cortex.o
                                0x675 (size before relaxing)
 .debug_str     0x000010d3      0x1a9 Drivers\STM32L0xx_HAL_Driver\Src\stm32l0xx_hal_gpio.o
                                0x529 (size before relaxing)
 .debug_str     0x0000127c      0x2ed Drivers\STM32L0xx_HAL_Driver\Src\stm32l0xx_hal_rcc.o
                                0x708 (size before relaxing)
 .debug_str     0x00001569      0xf93 Drivers\STM32L0xx_HAL_Driver\Src\stm32l0xx_hal_tim.o
                               0x14bb (size before relaxing)
 .debug_str     0x000024fc       0xc7 Drivers\STM32L0xx_HAL_Driver\Src\stm32l0xx_hal_tim_ex.o
                                0x724 (size before relaxing)
 .debug_str     0x000025c3       0x41 Src\adc.o
                                0x84c (size before relaxing)
 .debug_str     0x00002604       0x1b Src\gpio.o
                                0x535 (size before relaxing)
 .debug_str     0x0000261f       0xbb Src\main.o
                                0xb9d (size before relaxing)
 .debug_str     0x000026da       0x1b Src\stm32l0xx_hal_msp.o
                                0x317 (size before relaxing)
 .debug_str     0x000026f5       0x73 Src\stm32l0xx_it.o
                                0x304 (size before relaxing)
 .debug_str     0x00002768       0x5c Src\system_stm32l0xx.o
                                0x37b (size before relaxing)
 .debug_str     0x000027c4       0x44 Src\tim.o
                                0x969 (size before relaxing)

.comment        0x00000000       0x7c
 .comment       0x00000000       0x7c Drivers\STM32L0xx_HAL_Driver\Src\stm32l0xx_hal.o
                                 0x7d (size before relaxing)
 .comment       0x0000007c       0x7d Drivers\STM32L0xx_HAL_Driver\Src\stm32l0xx_hal_adc.o
 .comment       0x0000007c       0x7d Drivers\STM32L0xx_HAL_Driver\Src\stm32l0xx_hal_cortex.o
 .comment       0x0000007c       0x7d Drivers\STM32L0xx_HAL_Driver\Src\stm32l0xx_hal_gpio.o
 .comment       0x0000007c       0x7d Drivers\STM32L0xx_HAL_Driver\Src\stm32l0xx_hal_rcc.o
 .comment       0x0000007c       0x7d Drivers\STM32L0xx_HAL_Driver\Src\stm32l0xx_hal_tim.o
 .comment       0x0000007c       0x7d Drivers\STM32L0xx_HAL_Driver\Src\stm32l0xx_hal_tim_ex.o
 .comment       0x0000007c       0x7d Src\adc.o
 .comment       0x0000007c       0x7d Src\gpio.o
 .comment       0x0000007c       0x7d Src\main.o
 .comment       0x0000007c       0x7d Src\stm32l0xx_hal_msp.o
 .comment       0x0000007c       0x7d Src\stm32l0xx_it.o
 .comment       0x0000007c       0x7d Src\system_stm32l0xx.o
 .comment       0x0000007c       0x7d Src\tim.o

.debug_frame    0x00000000     0x14a4
 .debug_frame   0x00000000      0x234 Drivers\STM32L0xx_HAL_Driver\Src\stm32l0xx_hal.o
 .debug_frame   0x00000234      0x2d8 Drivers\STM32L0xx_HAL_Driver\Src\stm32l0xx_hal_adc.o
 .debug_frame   0x0000050c       0xe4 Drivers\STM32L0xx_HAL_Driver\Src\stm32l0xx_hal_cortex.o
 .debug_frame   0x000005f0       0xbc Drivers\STM32L0xx_HAL_Driver\Src\stm32l0xx_hal_gpio.o
 .debug_frame   0x000006ac      0x10c Drivers\STM32L0xx_HAL_Driver\Src\stm32l0xx_hal_rcc.o
 .debug_frame   0x000007b8      0x96c Drivers\STM32L0xx_HAL_Driver\Src\stm32l0xx_hal_tim.o
 .debug_frame   0x00001124       0x44 Drivers\STM32L0xx_HAL_Driver\Src\stm32l0xx_hal_tim_ex.o
 .debug_frame   0x00001168       0x60 Src\adc.o
 .debug_frame   0x000011c8       0x30 Src\gpio.o
 .debug_frame   0x000011f8       0xc0 Src\main.o
 .debug_frame   0x000012b8       0x20 Src\stm32l0xx_hal_msp.o
 .debug_frame   0x000012d8       0x80 Src\stm32l0xx_it.o
 .debug_frame   0x00001358       0x3c Src\system_stm32l0xx.o
 .debug_frame   0x00001394       0x84 Src\tim.o
 .debug_frame   0x00001418       0x2c c:/program files (x86)/atollic/truestudio for stm32 9.3.0/armtools/bin/../lib/gcc/arm-atollic-eabi/6.3.1/../../../../arm-atollic-eabi/lib/armv6-m\libc_nano.a(lib_a-init.o)
 .debug_frame   0x00001444       0x20 c:/program files (x86)/atollic/truestudio for stm32 9.3.0/armtools/bin/../lib/gcc/arm-atollic-eabi/6.3.1/../../../../arm-atollic-eabi/lib/armv6-m\libc_nano.a(lib_a-memset.o)
 .debug_frame   0x00001464       0x20 c:/program files (x86)/atollic/truestudio for stm32 9.3.0/armtools/bin/../lib/gcc/arm-atollic-eabi/6.3.1/armv6-m\libgcc.a(_udivsi3.o)
 .debug_frame   0x00001484       0x20 c:/program files (x86)/atollic/truestudio for stm32 9.3.0/armtools/bin/../lib/gcc/arm-atollic-eabi/6.3.1/armv6-m\libgcc.a(_divsi3.o)
