Archive member included to satisfy reference by file (symbol)

c:/program files (x86)/atollic/truestudio for stm32 9.3.0/armtools/bin/../lib/gcc/arm-atollic-eabi/6.3.1/../../../../arm-atollic-eabi/lib/armv7-m\libc_nano.a(lib_a-errno.o)
                              Src\syscalls.o (__errno)
c:/program files (x86)/atollic/truestudio for stm32 9.3.0/armtools/bin/../lib/gcc/arm-atollic-eabi/6.3.1/../../../../arm-atollic-eabi/lib/armv7-m\libc_nano.a(lib_a-impure.o)
                              c:/program files (x86)/atollic/truestudio for stm32 9.3.0/armtools/bin/../lib/gcc/arm-atollic-eabi/6.3.1/../../../../arm-atollic-eabi/lib/armv7-m\libc_nano.a(lib_a-errno.o) (_impure_ptr)
c:/program files (x86)/atollic/truestudio for stm32 9.3.0/armtools/bin/../lib/gcc/arm-atollic-eabi/6.3.1/../../../../arm-atollic-eabi/lib/armv7-m\libc_nano.a(lib_a-init.o)
                              startup\startup_stm32l152xba.o (__libc_init_array)
c:/program files (x86)/atollic/truestudio for stm32 9.3.0/armtools/bin/../lib/gcc/arm-atollic-eabi/6.3.1/../../../../arm-atollic-eabi/lib/armv7-m\libc_nano.a(lib_a-memset.o)
                              Src\gpio.o (memset)

Allocating common symbols
Common symbol       size              file

hUsbDeviceFS        0x29c             Src\usb_device.o
uwTick              0x4               Drivers\STM32L1xx_HAL_Driver\Src\stm32l1xx_hal.o
pFlash              0x18              Drivers\STM32L1xx_HAL_Driver\Src\stm32l1xx_hal_flash.o
huart2              0x40              Src\usart.o
hpcd_USB_FS         0x26c             Src\usbd_conf.o
USBD_StrDesc        0x200             Src\usbd_desc.o

Discarded input sections

 .text          0x00000000        0x0 c:/program files (x86)/atollic/truestudio for stm32 9.3.0/armtools/bin/../lib/gcc/arm-atollic-eabi/6.3.1/armv7-m/crti.o
 .data          0x00000000        0x0 c:/program files (x86)/atollic/truestudio for stm32 9.3.0/armtools/bin/../lib/gcc/arm-atollic-eabi/6.3.1/armv7-m/crti.o
 .bss           0x00000000        0x0 c:/program files (x86)/atollic/truestudio for stm32 9.3.0/armtools/bin/../lib/gcc/arm-atollic-eabi/6.3.1/armv7-m/crti.o
 .data          0x00000000        0x4 c:/program files (x86)/atollic/truestudio for stm32 9.3.0/armtools/bin/../lib/gcc/arm-atollic-eabi/6.3.1/armv7-m/crtbegin.o
 .text          0x00000000        0x0 Drivers\STM32L1xx_HAL_Driver\Src\stm32l1xx_hal.o
 .data          0x00000000        0x0 Drivers\STM32L1xx_HAL_Driver\Src\stm32l1xx_hal.o
 .bss           0x00000000        0x0 Drivers\STM32L1xx_HAL_Driver\Src\stm32l1xx_hal.o
 .text.HAL_MspInit
                0x00000000        0x2 Drivers\STM32L1xx_HAL_Driver\Src\stm32l1xx_hal.o
 .text.HAL_MspDeInit
                0x00000000        0x2 Drivers\STM32L1xx_HAL_Driver\Src\stm32l1xx_hal.o
 .text.HAL_DeInit
                0x00000000       0x24 Drivers\STM32L1xx_HAL_Driver\Src\stm32l1xx_hal.o
 .text.HAL_GetTickPrio
                0x00000000        0xc Drivers\STM32L1xx_HAL_Driver\Src\stm32l1xx_hal.o
 .text.HAL_SetTickFreq
                0x00000000       0x28 Drivers\STM32L1xx_HAL_Driver\Src\stm32l1xx_hal.o
 .text.HAL_GetTickFreq
                0x00000000        0xc Drivers\STM32L1xx_HAL_Driver\Src\stm32l1xx_hal.o
 .text.HAL_SuspendTick
                0x00000000       0x10 Drivers\STM32L1xx_HAL_Driver\Src\stm32l1xx_hal.o
 .text.HAL_ResumeTick
                0x00000000       0x10 Drivers\STM32L1xx_HAL_Driver\Src\stm32l1xx_hal.o
 .text.HAL_GetHalVersion
                0x00000000        0x6 Drivers\STM32L1xx_HAL_Driver\Src\stm32l1xx_hal.o
 .text.HAL_GetREVID
                0x00000000        0xc Drivers\STM32L1xx_HAL_Driver\Src\stm32l1xx_hal.o
 .text.HAL_GetDEVID
                0x00000000       0x10 Drivers\STM32L1xx_HAL_Driver\Src\stm32l1xx_hal.o
 .text.HAL_GetUIDw0
                0x00000000        0xc Drivers\STM32L1xx_HAL_Driver\Src\stm32l1xx_hal.o
 .text.HAL_GetUIDw1
                0x00000000        0xc Drivers\STM32L1xx_HAL_Driver\Src\stm32l1xx_hal.o
 .text.HAL_GetUIDw2
                0x00000000        0xc Drivers\STM32L1xx_HAL_Driver\Src\stm32l1xx_hal.o
 .text.HAL_DBGMCU_EnableDBGSleepMode
                0x00000000       0x10 Drivers\STM32L1xx_HAL_Driver\Src\stm32l1xx_hal.o
 .text.HAL_DBGMCU_DisableDBGSleepMode
                0x00000000       0x10 Drivers\STM32L1xx_HAL_Driver\Src\stm32l1xx_hal.o
 .text.HAL_DBGMCU_EnableDBGStopMode
                0x00000000       0x10 Drivers\STM32L1xx_HAL_Driver\Src\stm32l1xx_hal.o
 .text.HAL_DBGMCU_DisableDBGStopMode
                0x00000000       0x10 Drivers\STM32L1xx_HAL_Driver\Src\stm32l1xx_hal.o
 .text.HAL_DBGMCU_EnableDBGStandbyMode
                0x00000000       0x10 Drivers\STM32L1xx_HAL_Driver\Src\stm32l1xx_hal.o
 .text.HAL_DBGMCU_DisableDBGStandbyMode
                0x00000000       0x10 Drivers\STM32L1xx_HAL_Driver\Src\stm32l1xx_hal.o
 .text          0x00000000        0x0 Drivers\STM32L1xx_HAL_Driver\Src\stm32l1xx_hal_cortex.o
[...]
Memory Configuration

Name             Origin             Length             Attributes
RAM              0x20000000         0x00008000         xrw
FLASH            0x08000000         0x00010000         xr
*default*        0x00000000         0xffffffff

Linker script and memory map

LOAD c:/program files (x86)/atollic/truestudio for stm32 9.3.0/armtools/bin/../lib/gcc/arm-atollic-eabi/6.3.1/armv7-m/crti.o
LOAD c:/program files (x86)/atollic/truestudio for stm32 9.3.0/armtools/bin/../lib/gcc/arm-atollic-eabi/6.3.1/armv7-m/crtbegin.o
LOAD Drivers\STM32L1xx_HAL_Driver\Src\stm32l1xx_hal.o
LOAD Drivers\STM32L1xx_HAL_Driver\Src\stm32l1xx_hal_cortex.o
LOAD Drivers\STM32L1xx_HAL_Driver\Src\stm32l1xx_hal_dma.o
LOAD Drivers\STM32L1xx_HAL_Driver\Src\stm32l1xx_hal_flash.o
LOAD Drivers\STM32L1xx_HAL_Driver\Src\stm32l1xx_hal_flash_ex.o
LOAD Drivers\STM32L1xx_HAL_Driver\Src\stm32l1xx_hal_flash_ramfunc.o
LOAD Drivers\STM32L1xx_HAL_Driver\Src\stm32l1xx_hal_gpio.o
LOAD Drivers\STM32L1xx_HAL_Driver\Src\stm32l1xx_hal_pcd.o
LOAD Drivers\STM32L1xx_HAL_Driver\Src\stm32l1xx_hal_pcd_ex.o
LOAD Drivers\STM32L1xx_HAL_Driver\Src\stm32l1xx_hal_pwr.o
LOAD Drivers\STM32L1xx_HAL_Driver\Src\stm32l1xx_hal_pwr_ex.o
LOAD Drivers\STM32L1xx_HAL_Driver\Src\stm32l1xx_hal_rcc.o
LOAD Drivers\STM32L1xx_HAL_Driver\Src\stm32l1xx_hal_rcc_ex.o
LOAD Drivers\STM32L1xx_HAL_Driver\Src\stm32l1xx_hal_tim.o
LOAD Drivers\STM32L1xx_HAL_Driver\Src\stm32l1xx_hal_tim_ex.o
LOAD Drivers\STM32L1xx_HAL_Driver\Src\stm32l1xx_hal_uart.o
LOAD Drivers\STM32L1xx_HAL_Driver\Src\stm32l1xx_ll_usb.o
LOAD Middlewares\ST\STM32_USB_Device_Library\Class\HID\Src\usbd_hid.o
LOAD Middlewares\ST\STM32_USB_Device_Library\Core\Src\usbd_core.o
LOAD Middlewares\ST\STM32_USB_Device_Library\Core\Src\usbd_ctlreq.o
LOAD Middlewares\ST\STM32_USB_Device_Library\Core\Src\usbd_ioreq.o
LOAD Src\gpio.o
LOAD Src\main.o
LOAD Src\stm32l1xx_hal_msp.o
LOAD Src\stm32l1xx_it.o
LOAD Src\syscalls.o
LOAD Src\system_stm32l1xx.o
LOAD Src\usart.o
LOAD Src\usb_device.o
LOAD Src\usbd_conf.o
LOAD Src\usbd_desc.o
LOAD startup\startup_stm32l152xba.o
                0x00000080                malloc_getpagesize_P = 0x80
START GROUP
LOAD c:/program files (x86)/atollic/truestudio for stm32 9.3.0/armtools/bin/../lib/gcc/arm-atollic-eabi/6.3.1/../../../../arm-atollic-eabi/lib/armv7-m\libc_nano.a
LOAD c:/program files (x86)/atollic/truestudio for stm32 9.3.0/armtools/bin/../lib/gcc/arm-atollic-eabi/6.3.1/../../../../arm-atollic-eabi/lib/armv7-m\libm.a
END GROUP
START GROUP
LOAD c:/program files (x86)/atollic/truestudio for stm32 9.3.0/armtools/bin/../lib/gcc/arm-atollic-eabi/6.3.1/armv7-m\libgcc.a
LOAD c:/program files (x86)/atollic/truestudio for stm32 9.3.0/armtools/bin/../lib/gcc/arm-atollic-eabi/6.3.1/../../../../arm-atollic-eabi/lib/armv7-m\libc_nano.a
END GROUP
START GROUP
LOAD c:/program files (x86)/atollic/truestudio for stm32 9.3.0/armtools/bin/../lib/gcc/arm-atollic-eabi/6.3.1/armv7-m\libgcc.a
LOAD c:/program files (x86)/atollic/truestudio for stm32 9.3.0/armtools/bin/../lib/gcc/arm-atollic-eabi/6.3.1/../../../../arm-atollic-eabi/lib/armv7-m\libc_nano.a
LOAD c:/program files (x86)/atollic/truestudio for stm32 9.3.0/armtools/bin/../lib/gcc/arm-atollic-eabi/6.3.1/../../../../arm-atollic-eabi/lib/armv7-m\libnosys.a
END GROUP
START GROUP
LOAD c:/program files (x86)/atollic/truestudio for stm32 9.3.0/armtools/bin/../lib/gcc/arm-atollic-eabi/6.3.1/armv7-m\libgcc.a
LOAD c:/program files (x86)/atollic/truestudio for stm32 9.3.0/armtools/bin/../lib/gcc/arm-atollic-eabi/6.3.1/../../../../arm-atollic-eabi/lib/armv7-m\libc_nano.a
LOAD c:/program files (x86)/atollic/truestudio for stm32 9.3.0/armtools/bin/../lib/gcc/arm-atollic-eabi/6.3.1/../../../../arm-atollic-eabi/lib/armv7-m\libnosys.a
END GROUP
LOAD c:/program files (x86)/atollic/truestudio for stm32 9.3.0/armtools/bin/../lib/gcc/arm-atollic-eabi/6.3.1/armv7-m/crtend.o
LOAD c:/program files (x86)/atollic/truestudio for stm32 9.3.0/armtools/bin/../lib/gcc/arm-atollic-eabi/6.3.1/armv7-m/crtn.o
                0x20008000                _estack = 0x20008000
                0x00000200                _Min_Heap_Size = 0x200
                0x00000400                _Min_Stack_Size = 0x400

.isr_vector     0x08000000      0x13c
                0x08000000                . = ALIGN (0x4)
 *(.isr_vector)
 .isr_vector    0x08000000      0x13c startup\startup_stm32l152xba.o
                0x08000000                g_pfnVectors
                0x0800013c                . = ALIGN (0x4)

.text           0x0800013c     0x2c88
                0x0800013c                . = ALIGN (0x4)
 *(.text)
 .text          0x0800013c       0x40 c:/program files (x86)/atollic/truestudio for stm32 9.3.0/armtools/bin/../lib/gcc/arm-atollic-eabi/6.3.1/armv7-m/crtbegin.o
 *(.text*)
 .text.HAL_InitTick
                0x0800017c       0x4c Drivers\STM32L1xx_HAL_Driver\Src\stm32l1xx_hal.o
                0x0800017c                HAL_InitTick
 .text.HAL_Init
                0x080001c8       0x1e Drivers\STM32L1xx_HAL_Driver\Src\stm32l1xx_hal.o
                0x080001c8                HAL_Init
 *fill*         0x080001e6        0x2 
 .text.HAL_IncTick
                0x080001e8       0x18 Drivers\STM32L1xx_HAL_Driver\Src\stm32l1xx_hal.o
                0x080001e8                HAL_IncTick
 .text.HAL_GetTick
                0x08000200        0xc Drivers\STM32L1xx_HAL_Driver\Src\stm32l1xx_hal.o
                0x08000200                HAL_GetTick
 .text.HAL_Delay
                0x0800020c       0x24 Drivers\STM32L1xx_HAL_Driver\Src\stm32l1xx_hal.o
                0x0800020c                HAL_Delay
 .text.HAL_NVIC_SetPriorityGrouping
                0x08000230       0x24 Drivers\STM32L1xx_HAL_Driver\Src\stm32l1xx_hal_cortex.o
                0x08000230                HAL_NVIC_SetPriorityGrouping
 .text.HAL_NVIC_SetPriority
                0x08000254       0x68 Drivers\STM32L1xx_HAL_Driver\Src\stm32l1xx_hal_cortex.o
                0x08000254                HAL_NVIC_SetPriority
 .text.HAL_NVIC_EnableIRQ
                0x080002bc       0x1c Drivers\STM32L1xx_HAL_Driver\Src\stm32l1xx_hal_cortex.o
                0x080002bc                HAL_NVIC_EnableIRQ
 .text.HAL_SYSTICK_Config
                0x080002d8       0x2c Drivers\STM32L1xx_HAL_Driver\Src\stm32l1xx_hal_cortex.o
                0x080002d8                HAL_SYSTICK_Config
 .text.HAL_DMA_Abort_IT
                0x08000304       0x4c Drivers\STM32L1xx_HAL_Driver\Src\stm32l1xx_hal_dma.o
                0x08000304                HAL_DMA_Abort_IT
 .text.HAL_GPIO_Init
                0x08000350      0x19c Drivers\STM32L1xx_HAL_Driver\Src\stm32l1xx_hal_gpio.o
                0x08000350                HAL_GPIO_Init
 .text.HAL_GPIO_WritePin
                0x080004ec        0xa Drivers\STM32L1xx_HAL_Driver\Src\stm32l1xx_hal_gpio.o
                0x080004ec                HAL_GPIO_WritePin
 .text.HAL_PCD_Init
                0x080004f6       0xb2 Drivers\STM32L1xx_HAL_Driver\Src\stm32l1xx_hal_pcd.o
                0x080004f6                HAL_PCD_Init
 .text.HAL_PCD_Start
                0x080005a8       0x2e Drivers\STM32L1xx_HAL_Driver\Src\stm32l1xx_hal_pcd.o
                0x080005a8                HAL_PCD_Start
 .text.HAL_PCD_SetAddress
                0x080005d6       0x28 Drivers\STM32L1xx_HAL_Driver\Src\stm32l1xx_hal_pcd.o
                0x080005d6                HAL_PCD_SetAddress
 .text.HAL_PCD_EP_Open
                0x080005fe       0x66 Drivers\STM32L1xx_HAL_Driver\Src\stm32l1xx_hal_pcd.o
                0x080005fe                HAL_PCD_EP_Open
 .text.HAL_PCD_EP_Close
                0x08000664       0x52 Drivers\STM32L1xx_HAL_Driver\Src\stm32l1xx_hal_pcd.o
                0x08000664                HAL_PCD_EP_Close
 .text.HAL_PCD_EP_Receive
                0x080006b6       0x30 Drivers\STM32L1xx_HAL_Driver\Src\stm32l1xx_hal_pcd.o
                0x080006b6                HAL_PCD_EP_Receive
 .text.HAL_PCD_EP_Transmit
                0x080006e6       0x2c Drivers\STM32L1xx_HAL_Driver\Src\stm32l1xx_hal_pcd.o
                0x080006e6                HAL_PCD_EP_Transmit
 *fill*         0x08000712        0x2 
 .text.HAL_PCD_IRQHandler
                0x08000714      0x424 Drivers\STM32L1xx_HAL_Driver\Src\stm32l1xx_hal_pcd.o
                0x08000714                HAL_PCD_IRQHandler
 .text.HAL_PCD_EP_SetStall
                0x08000b38       0x68 Drivers\STM32L1xx_HAL_Driver\Src\stm32l1xx_hal_pcd.o
                0x08000b38                HAL_PCD_EP_SetStall
 .text.HAL_PCD_EP_ClrStall
                0x08000ba0       0x64 Drivers\STM32L1xx_HAL_Driver\Src\stm32l1xx_hal_pcd.o
                0x08000ba0                HAL_PCD_EP_ClrStall
 .text.HAL_PCDEx_PMAConfig
                0x08000c04       0x30 Drivers\STM32L1xx_HAL_Driver\Src\stm32l1xx_hal_pcd_ex.o
                0x08000c04                HAL_PCDEx_PMAConfig
 .text.HAL_PCDEx_SetConnectionState
                0x08000c34        0x2 Drivers\STM32L1xx_HAL_Driver\Src\stm32l1xx_hal_pcd_ex.o
                0x08000c34                HAL_PCDEx_SetConnectionState
 *fill*         0x08000c36        0x2 
 .text.RCC_SetFlashLatencyFromMSIRange
                0x08000c38       0x80 Drivers\STM32L1xx_HAL_Driver\Src\stm32l1xx_hal_rcc.o
 .text.HAL_RCC_OscConfig
                0x08000cb8      0x43c Drivers\STM32L1xx_HAL_Driver\Src\stm32l1xx_hal_rcc.o
                0x08000cb8                HAL_RCC_OscConfig
 .text.HAL_RCC_GetSysClockFreq
                0x080010f4       0x50 Drivers\STM32L1xx_HAL_Driver\Src\stm32l1xx_hal_rcc.o
                0x080010f4                HAL_RCC_GetSysClockFreq
 .text.HAL_RCC_ClockConfig
                0x08001144      0x184 Drivers\STM32L1xx_HAL_Driver\Src\stm32l1xx_hal_rcc.o
                0x08001144                HAL_RCC_ClockConfig
 .text.HAL_RCC_GetPCLK1Freq
                0x080012c8       0x20 Drivers\STM32L1xx_HAL_Driver\Src\stm32l1xx_hal_rcc.o
                0x080012c8                HAL_RCC_GetPCLK1Freq
 .text.HAL_RCC_GetPCLK2Freq
                0x080012e8       0x20 Drivers\STM32L1xx_HAL_Driver\Src\stm32l1xx_hal_rcc.o
                0x080012e8                HAL_RCC_GetPCLK2Freq
 .text.UART_EndRxTransfer
                0x08001308       0x1a Drivers\STM32L1xx_HAL_Driver\Src\stm32l1xx_hal_uart.o
 *fill*         0x08001322        0x2 
 .text.UART_SetConfig
                0x08001324       0xc0 Drivers\STM32L1xx_HAL_Driver\Src\stm32l1xx_hal_uart.o
 .text.HAL_UART_Init
                0x080013e4       0x5c Drivers\STM32L1xx_HAL_Driver\Src\stm32l1xx_hal_uart.o
                0x080013e4                HAL_UART_Init
 .text.HAL_UART_Receive_IT
                0x08001440       0x4e Drivers\STM32L1xx_HAL_Driver\Src\stm32l1xx_hal_uart.o
                0x08001440                HAL_UART_Receive_IT
 .text.HAL_UART_TxCpltCallback
                0x0800148e        0x2 Drivers\STM32L1xx_HAL_Driver\Src\stm32l1xx_hal_uart.o
                0x0800148e                HAL_UART_TxCpltCallback
 .text.UART_Receive_IT
                0x08001490       0x7c Drivers\STM32L1xx_HAL_Driver\Src\stm32l1xx_hal_uart.o
 .text.HAL_UART_ErrorCallback
                0x0800150c        0x2 Drivers\STM32L1xx_HAL_Driver\Src\stm32l1xx_hal_uart.o
                0x0800150c                HAL_UART_ErrorCallback
 *fill*         0x0800150e        0x2 
 .text.HAL_UART_IRQHandler
                0x08001510      0x140 Drivers\STM32L1xx_HAL_Driver\Src\stm32l1xx_hal_uart.o
                0x08001510                HAL_UART_IRQHandler
 .text.UART_DMAAbortOnError
                0x08001650       0x10 Drivers\STM32L1xx_HAL_Driver\Src\stm32l1xx_hal_uart.o
 .text.USB_EnableGlobalInt
                0x08001660       0x12 Drivers\STM32L1xx_HAL_Driver\Src\stm32l1xx_ll_usb.o
                0x08001660                USB_EnableGlobalInt
 .text.USB_DisableGlobalInt
                0x08001672       0x14 Drivers\STM32L1xx_HAL_Driver\Src\stm32l1xx_ll_usb.o
                0x08001672                USB_DisableGlobalInt
 .text.USB_DevInit
                0x08001686       0x36 Drivers\STM32L1xx_HAL_Driver\Src\stm32l1xx_ll_usb.o
                0x08001686                USB_DevInit
 .text.USB_ActivateEndpoint
                0x080016bc      0x2d8 Drivers\STM32L1xx_HAL_Driver\Src\stm32l1xx_ll_usb.o
                0x080016bc                USB_ActivateEndpoint
 .text.USB_DeactivateEndpoint
                0x08001994      0x1be Drivers\STM32L1xx_HAL_Driver\Src\stm32l1xx_ll_usb.o
                0x08001994                USB_DeactivateEndpoint
 .text.USB_EPSetStall
                0x08001b52       0x40 Drivers\STM32L1xx_HAL_Driver\Src\stm32l1xx_ll_usb.o
                0x08001b52                USB_EPSetStall
 .text.USB_EPClearStall
                0x08001b92       0x96 Drivers\STM32L1xx_HAL_Driver\Src\stm32l1xx_ll_usb.o
                0x08001b92                USB_EPClearStall
 .text.USB_SetDevAddress
                0x08001c28        0xc Drivers\STM32L1xx_HAL_Driver\Src\stm32l1xx_ll_usb.o
                0x08001c28                USB_SetDevAddress
 .text.USB_DevConnect
                0x08001c34        0x4 Drivers\STM32L1xx_HAL_Driver\Src\stm32l1xx_ll_usb.o
                0x08001c34                USB_DevConnect
 .text.USB_ReadInterrupts
                0x08001c38        0x8 Drivers\STM32L1xx_HAL_Driver\Src\stm32l1xx_ll_usb.o
                0x08001c38                USB_ReadInterrupts
 .text.USB_EP0_OutStart
                0x08001c40        0x4 Drivers\STM32L1xx_HAL_Driver\Src\stm32l1xx_ll_usb.o
                0x08001c40                USB_EP0_OutStart
 .text.USB_WritePMA
                0x08001c44       0x26 Drivers\STM32L1xx_HAL_Driver\Src\stm32l1xx_ll_usb.o
                0x08001c44                USB_WritePMA
 *fill*         0x08001c6a        0x2 
 .text.USB_EPStartXfer
                0x08001c6c      0x1a4 Drivers\STM32L1xx_HAL_Driver\Src\stm32l1xx_ll_usb.o
                0x08001c6c                USB_EPStartXfer
 .text.USB_ReadPMA
                0x08001e10       0x3a Drivers\STM32L1xx_HAL_Driver\Src\stm32l1xx_ll_usb.o
                0x08001e10                USB_ReadPMA
 *fill*         0x08001e4a        0x2 
 .text.USBD_HID_GetFSCfgDesc
                0x08001e4c        0xc Middlewares\ST\STM32_USB_Device_Library\Class\HID\Src\usbd_hid.o
 .text.USBD_HID_GetHSCfgDesc
                0x08001e58        0xc Middlewares\ST\STM32_USB_Device_Library\Class\HID\Src\usbd_hid.o
 .text.USBD_HID_GetOtherSpeedCfgDesc
                0x08001e64        0xc Middlewares\ST\STM32_USB_Device_Library\Class\HID\Src\usbd_hid.o
 .text.USBD_HID_DataIn
                0x08001e70        0xa Middlewares\ST\STM32_USB_Device_Library\Class\HID\Src\usbd_hid.o
 *fill*         0x08001e7a        0x2 
 .text.USBD_HID_GetDeviceQualifierDesc
                0x08001e7c        0xc Middlewares\ST\STM32_USB_Device_Library\Class\HID\Src\usbd_hid.o
 .text.USBD_HID_Setup
                0x08001e88       0xd4 Middlewares\ST\STM32_USB_Device_Library\Class\HID\Src\usbd_hid.o
 .text.USBD_HID_DeInit
                0x08001f5c       0x20 Middlewares\ST\STM32_USB_Device_Library\Class\HID\Src\usbd_hid.o
 .text.USBD_HID_Init
                0x08001f7c       0x2a Middlewares\ST\STM32_USB_Device_Library\Class\HID\Src\usbd_hid.o
 .text.USBD_HID_SendReport
                0x08001fa6       0x24 Middlewares\ST\STM32_USB_Device_Library\Class\HID\Src\usbd_hid.o
                0x08001fa6                USBD_HID_SendReport
 .text.USBD_Init
                0x08001fca       0x2a Middlewares\ST\STM32_USB_Device_Library\Core\Src\usbd_core.o
                0x08001fca                USBD_Init
 .text.USBD_RegisterClass
                0x08001ff4        0xe Middlewares\ST\STM32_USB_Device_Library\Core\Src\usbd_core.o
                0x08001ff4                USBD_RegisterClass
 .text.USBD_Start
                0x08002002        0xa Middlewares\ST\STM32_USB_Device_Library\Core\Src\usbd_core.o
                0x08002002                USBD_Start
 .text.USBD_SetClassConfig
                0x0800200c       0x16 Middlewares\ST\STM32_USB_Device_Library\Core\Src\usbd_core.o
                0x0800200c                USBD_SetClassConfig
 .text.USBD_ClrClassConfig
                0x08002022        0xe Middlewares\ST\STM32_USB_Device_Library\Core\Src\usbd_core.o
                0x08002022                USBD_ClrClassConfig
 .text.USBD_LL_SetupStage
                0x08002030       0x5a Middlewares\ST\STM32_USB_Device_Library\Core\Src\usbd_core.o
                0x08002030                USBD_LL_SetupStage
 .text.USBD_LL_DataOutStage
                0x0800208a       0x74 Middlewares\ST\STM32_USB_Device_Library\Core\Src\usbd_core.o
                0x0800208a                USBD_LL_DataOutStage
 .text.USBD_LL_DataInStage
                0x080020fe       0xb6 Middlewares\ST\STM32_USB_Device_Library\Core\Src\usbd_core.o
                0x080020fe                USBD_LL_DataInStage
 .text.USBD_LL_Reset
                0x080021b4       0x4e Middlewares\ST\STM32_USB_Device_Library\Core\Src\usbd_core.o
                0x080021b4                USBD_LL_Reset
 .text.USBD_LL_SetSpeed
                0x08002202        0x6 Middlewares\ST\STM32_USB_Device_Library\Core\Src\usbd_core.o
                0x08002202                USBD_LL_SetSpeed
 .text.USBD_LL_Suspend
                0x08002208       0x12 Middlewares\ST\STM32_USB_Device_Library\Core\Src\usbd_core.o
                0x08002208                USBD_LL_Suspend
 .text.USBD_LL_Resume
                0x0800221a        0xc Middlewares\ST\STM32_USB_Device_Library\Core\Src\usbd_core.o
                0x0800221a                USBD_LL_Resume
 .text.USBD_LL_SOF
                0x08002226       0x18 Middlewares\ST\STM32_USB_Device_Library\Core\Src\usbd_core.o
                0x08002226                USBD_LL_SOF
 .text.USBD_CtlError.constprop.1
                0x0800223e       0x16 Middlewares\ST\STM32_USB_Device_Library\Core\Src\usbd_ctlreq.o
 .text.USBD_StdDevReq
                0x08002254      0x234 Middlewares\ST\STM32_USB_Device_Library\Core\Src\usbd_ctlreq.o
                0x08002254                USBD_StdDevReq
 .text.USBD_StdItfReq
                0x08002488       0x4a Middlewares\ST\STM32_USB_Device_Library\Core\Src\usbd_ctlreq.o
                0x08002488                USBD_StdItfReq
 .text.USBD_StdEPReq
                0x080024d2      0x112 Middlewares\ST\STM32_USB_Device_Library\Core\Src\usbd_ctlreq.o
                0x080024d2                USBD_StdEPReq
 .text.USBD_ParseSetupRequest
                0x080025e4       0x28 Middlewares\ST\STM32_USB_Device_Library\Core\Src\usbd_ctlreq.o
                0x080025e4                USBD_ParseSetupRequest
 .text.USBD_CtlError
                0x0800260c       0x16 Middlewares\ST\STM32_USB_Device_Library\Core\Src\usbd_ctlreq.o
                0x0800260c                USBD_CtlError
 .text.USBD_GetString
                0x08002622       0x38 Middlewares\ST\STM32_USB_Device_Library\Core\Src\usbd_ctlreq.o
                0x08002622                USBD_GetString
 .text.USBD_CtlSendData
                0x0800265a       0x1a Middlewares\ST\STM32_USB_Device_Library\Core\Src\usbd_ioreq.o
                0x0800265a                USBD_CtlSendData
 .text.USBD_CtlContinueSendData
                0x08002674       0x10 Middlewares\ST\STM32_USB_Device_Library\Core\Src\usbd_ioreq.o
                0x08002674                USBD_CtlContinueSendData
 .text.USBD_CtlContinueRx
                0x08002684       0x10 Middlewares\ST\STM32_USB_Device_Library\Core\Src\usbd_ioreq.o
                0x08002684                USBD_CtlContinueRx
 .text.USBD_CtlSendStatus
                0x08002694       0x16 Middlewares\ST\STM32_USB_Device_Library\Core\Src\usbd_ioreq.o
                0x08002694                USBD_CtlSendStatus
 .text.USBD_CtlReceiveStatus
                0x080026aa       0x16 Middlewares\ST\STM32_USB_Device_Library\Core\Src\usbd_ioreq.o
                0x080026aa                USBD_CtlReceiveStatus
 .text.MX_GPIO_Init
                0x080026c0       0x74 Src\gpio.o
                0x080026c0                MX_GPIO_Init
 .text.SystemClock_Config
                0x08002734       0x68 Src\main.o
                0x08002734                SystemClock_Config
 .text.startup.main
                0x0800279c       0x78 Src\main.o
                0x0800279c                main
 .text.HAL_UART_RxCpltCallback
                0x08002814       0x24 Src\main.o
                0x08002814                HAL_UART_RxCpltCallback
 .text.Error_Handler
                0x08002838        0x2 Src\main.o
                0x08002838                Error_Handler
 *fill*         0x0800283a        0x2 
 .text.HAL_MspInit
                0x0800283c       0x44 Src\stm32l1xx_hal_msp.o
                0x0800283c                HAL_MspInit
 .text.NMI_Handler
                0x08002880        0x2 Src\stm32l1xx_it.o
                0x08002880                NMI_Handler
 .text.HardFault_Handler
                0x08002882        0x2 Src\stm32l1xx_it.o
                0x08002882                HardFault_Handler
 .text.MemManage_Handler
                0x08002884        0x2 Src\stm32l1xx_it.o
                0x08002884                MemManage_Handler
 .text.BusFault_Handler
                0x08002886        0x2 Src\stm32l1xx_it.o
                0x08002886                BusFault_Handler
 .text.UsageFault_Handler
                0x08002888        0x2 Src\stm32l1xx_it.o
                0x08002888                UsageFault_Handler
 .text.SVC_Handler
                0x0800288a        0x2 Src\stm32l1xx_it.o
                0x0800288a                SVC_Handler
 .text.DebugMon_Handler
                0x0800288c        0x2 Src\stm32l1xx_it.o
                0x0800288c                DebugMon_Handler
 .text.PendSV_Handler
                0x0800288e        0x2 Src\stm32l1xx_it.o
                0x0800288e                PendSV_Handler
 .text.SysTick_Handler
                0x08002890        0x4 Src\stm32l1xx_it.o
                0x08002890                SysTick_Handler
 .text.USB_LP_IRQHandler
                0x08002894        0xc Src\stm32l1xx_it.o
                0x08002894                USB_LP_IRQHandler
 .text.USART2_IRQHandler
                0x080028a0        0xc Src\stm32l1xx_it.o
                0x080028a0                USART2_IRQHandler
 .text.SystemInit
                0x080028ac       0x48 Src\system_stm32l1xx.o
                0x080028ac                SystemInit
 .text.MX_USART2_UART_Init
                0x080028f4       0x38 Src\usart.o
                0x080028f4                MX_USART2_UART_Init
 .text.HAL_UART_MspInit
                0x0800292c       0x78 Src\usart.o
                0x0800292c                HAL_UART_MspInit
 .text.MX_USB_DEVICE_Init
                0x080029a4       0x40 Src\usb_device.o
                0x080029a4                MX_USB_DEVICE_Init
 .text.HAL_PCD_MspInit
                0x080029e4       0x3c Src\usbd_conf.o
                0x080029e4                HAL_PCD_MspInit
 .text.HAL_PCD_SetupStageCallback
                0x08002a20        0xc Src\usbd_conf.o
                0x08002a20                HAL_PCD_SetupStageCallback
 .text.HAL_PCD_DataOutStageCallback
                0x08002a2c       0x10 Src\usbd_conf.o
                0x08002a2c                HAL_PCD_DataOutStageCallback
 .text.HAL_PCD_DataInStageCallback
                0x08002a3c        0xe Src\usbd_conf.o
                0x08002a3c                HAL_PCD_DataInStageCallback
 .text.HAL_PCD_SOFCallback
                0x08002a4a        0x8 Src\usbd_conf.o
                0x08002a4a                HAL_PCD_SOFCallback
 .text.HAL_PCD_ResetCallback
                0x08002a52       0x24 Src\usbd_conf.o
                0x08002a52                HAL_PCD_ResetCallback
 *fill*         0x08002a76        0x2 
 .text.HAL_PCD_SuspendCallback
                0x08002a78       0x20 Src\usbd_conf.o
                0x08002a78                HAL_PCD_SuspendCallback
 .text.HAL_PCD_ResumeCallback
                0x08002a98        0x8 Src\usbd_conf.o
                0x08002a98                HAL_PCD_ResumeCallback
 .text.USBD_LL_Init
                0x08002aa0       0x68 Src\usbd_conf.o
                0x08002aa0                USBD_LL_Init
 .text.USBD_LL_Start
                0x08002b08       0x1c Src\usbd_conf.o
                0x08002b08                USBD_LL_Start
 .text.USBD_LL_OpenEP
                0x08002b24       0x20 Src\usbd_conf.o
                0x08002b24                USBD_LL_OpenEP
 .text.USBD_LL_CloseEP
                0x08002b44       0x1c Src\usbd_conf.o
                0x08002b44                USBD_LL_CloseEP
 .text.USBD_LL_StallEP
                0x08002b60       0x1c Src\usbd_conf.o
                0x08002b60                USBD_LL_StallEP
 .text.USBD_LL_ClearStallEP
                0x08002b7c       0x1c Src\usbd_conf.o
                0x08002b7c                USBD_LL_ClearStallEP
 .text.USBD_LL_IsStallEP
                0x08002b98       0x20 Src\usbd_conf.o
                0x08002b98                USBD_LL_IsStallEP
 .text.USBD_LL_SetUSBAddress
                0x08002bb8       0x1c Src\usbd_conf.o
                0x08002bb8                USBD_LL_SetUSBAddress
 .text.USBD_LL_Transmit
                0x08002bd4       0x1c Src\usbd_conf.o
                0x08002bd4                USBD_LL_Transmit
 .text.USBD_LL_PrepareReceive
                0x08002bf0       0x1c Src\usbd_conf.o
                0x08002bf0                USBD_LL_PrepareReceive
 .text.USBD_static_malloc
                0x08002c0c        0x8 Src\usbd_conf.o
                0x08002c0c                USBD_static_malloc
 .text.USBD_static_free
                0x08002c14        0x2 Src\usbd_conf.o
                0x08002c14                USBD_static_free
 *fill*         0x08002c16        0x2 
 .text.USBD_FS_DeviceDescriptor
                0x08002c18        0xc Src\usbd_desc.o
                0x08002c18                USBD_FS_DeviceDescriptor
 .text.USBD_FS_LangIDStrDescriptor
                0x08002c24        0xc Src\usbd_desc.o
                0x08002c24                USBD_FS_LangIDStrDescriptor
 .text.IntToUnicode
                0x08002c30       0x28 Src\usbd_desc.o
 .text.USBD_FS_SerialStrDescriptor
                0x08002c58       0x40 Src\usbd_desc.o
                0x08002c58                USBD_FS_SerialStrDescriptor
 .text.USBD_FS_ManufacturerStrDescriptor
                0x08002c98       0x1c Src\usbd_desc.o
                0x08002c98                USBD_FS_ManufacturerStrDescriptor
 .text.USBD_FS_ProductStrDescriptor
                0x08002cb4       0x1c Src\usbd_desc.o
                0x08002cb4                USBD_FS_ProductStrDescriptor
 .text.USBD_FS_ConfigStrDescriptor
                0x08002cd0       0x1c Src\usbd_desc.o
                0x08002cd0                USBD_FS_ConfigStrDescriptor
 .text.USBD_FS_InterfaceStrDescriptor
                0x08002cec       0x1c Src\usbd_desc.o
                0x08002cec                USBD_FS_InterfaceStrDescriptor
 .text.Reset_Handler
                0x08002d08       0x48 startup\startup_stm32l152xba.o
                0x08002d08                Reset_Handler
 .text.Default_Handler
                0x08002d50        0x2 startup\startup_stm32l152xba.o
                0x08002d50                RTC_Alarm_IRQHandler
                0x08002d50                EXTI2_IRQHandler
                0x08002d50                TIM10_IRQHandler
                0x08002d50                USB_HP_IRQHandler
                0x08002d50                TIM6_IRQHandler
                0x08002d50                PVD_IRQHandler
                0x08002d50                EXTI3_IRQHandler
                0x08002d50                EXTI0_IRQHandler
                0x08002d50                I2C2_EV_IRQHandler
                0x08002d50                SPI1_IRQHandler
                0x08002d50                USB_FS_WKUP_IRQHandler
                0x08002d50                DMA1_Channel4_IRQHandler
                0x08002d50                ADC1_IRQHandler
                0x08002d50                USART3_IRQHandler
                0x08002d50                DMA1_Channel7_IRQHandler
                0x08002d50                LCD_IRQHandler
                0x08002d50                TIM4_IRQHandler
                0x08002d50                I2C1_EV_IRQHandler
                0x08002d50                DMA1_Channel6_IRQHandler
                0x08002d50                TIM3_IRQHandler
                0x08002d50                RCC_IRQHandler
                0x08002d50                DMA1_Channel1_IRQHandler
                0x08002d50                Default_Handler
                0x08002d50                EXTI15_10_IRQHandler
                0x08002d50                TIM7_IRQHandler
                0x08002d50                EXTI9_5_IRQHandler
                0x08002d50                TIM9_IRQHandler
                0x08002d50                TAMPER_STAMP_IRQHandler
                0x08002d50                RTC_WKUP_IRQHandler
                0x08002d50                SPI2_IRQHandler
                0x08002d50                DMA1_Channel5_IRQHandler
                0x08002d50                EXTI4_IRQHandler
                0x08002d50                DMA1_Channel3_IRQHandler
                0x08002d50                COMP_IRQHandler
                0x08002d50                WWDG_IRQHandler
                0x08002d50                TIM2_IRQHandler
                0x08002d50                DAC_IRQHandler
                0x08002d50                EXTI1_IRQHandler
                0x08002d50                TIM11_IRQHandler
                0x08002d50                I2C2_ER_IRQHandler
                0x08002d50                DMA1_Channel2_IRQHandler
                0x08002d50                FLASH_IRQHandler
                0x08002d50                USART1_IRQHandler
                0x08002d50                I2C1_ER_IRQHandler
 *fill*         0x08002d52        0x2 
 .text.__libc_init_array
                0x08002d54       0x48 c:/program files (x86)/atollic/truestudio for stm32 9.3.0/armtools/bin/../lib/gcc/arm-atollic-eabi/6.3.1/../../../../arm-atollic-eabi/lib/armv7-m\libc_nano.a(lib_a-init.o)
                0x08002d54                __libc_init_array
 .text.memset   0x08002d9c       0x10 c:/program files (x86)/atollic/truestudio for stm32 9.3.0/armtools/bin/../lib/gcc/arm-atollic-eabi/6.3.1/../../../../arm-atollic-eabi/lib/armv7-m\libc_nano.a(lib_a-memset.o)
                0x08002d9c                memset
 *(.glue_7)
 .glue_7        0x08002dac        0x0 linker stubs
 *(.glue_7t)
 .glue_7t       0x08002dac        0x0 linker stubs
 *(.eh_frame)
 .eh_frame      0x08002dac        0x0 c:/program files (x86)/atollic/truestudio for stm32 9.3.0/armtools/bin/../lib/gcc/arm-atollic-eabi/6.3.1/armv7-m/crtbegin.o
 *(.init)
 .init          0x08002dac        0x4 c:/program files (x86)/atollic/truestudio for stm32 9.3.0/armtools/bin/../lib/gcc/arm-atollic-eabi/6.3.1/armv7-m/crti.o
                0x08002dac                _init
 .init          0x08002db0        0x8 c:/program files (x86)/atollic/truestudio for stm32 9.3.0/armtools/bin/../lib/gcc/arm-atollic-eabi/6.3.1/armv7-m/crtn.o
 *(.fini)
 .fini          0x08002db8        0x4 c:/program files (x86)/atollic/truestudio for stm32 9.3.0/armtools/bin/../lib/gcc/arm-atollic-eabi/6.3.1/armv7-m/crti.o
                0x08002db8                _fini
 .fini          0x08002dbc        0x8 c:/program files (x86)/atollic/truestudio for stm32 9.3.0/armtools/bin/../lib/gcc/arm-atollic-eabi/6.3.1/armv7-m/crtn.o
                0x08002dc4                . = ALIGN (0x4)
                0x08002dc4                _etext = .

.vfp11_veneer   0x08002dc4        0x0
 .vfp11_veneer  0x08002dc4        0x0 linker stubs

.v4_bx          0x08002dc4        0x0
 .v4_bx         0x08002dc4        0x0 linker stubs

.iplt           0x08002dc4        0x0
 .iplt          0x08002dc4        0x0 c:/program files (x86)/atollic/truestudio for stm32 9.3.0/armtools/bin/../lib/gcc/arm-atollic-eabi/6.3.1/armv7-m/crtbegin.o

.rodata         0x08002dc4       0x6c
                0x08002dc4                . = ALIGN (0x4)
 *(.rodata)
 *(.rodata*)
 .rodata.AHBPrescTable
                0x08002dc4       0x10 Src\system_stm32l1xx.o
                0x08002dc4                AHBPrescTable
 .rodata.APBPrescTable
                0x08002dd4        0x8 Src\system_stm32l1xx.o
                0x08002dd4                APBPrescTable
 .rodata.PLLMulTable
                0x08002ddc        0x9 Src\system_stm32l1xx.o
                0x08002ddc                PLLMulTable
 .rodata.CSWTCH.4
                0x08002de5        0x4 Src\usbd_conf.o
 .rodata.USBD_FS_ConfigStrDescriptor.str1.1
                0x08002de9        0xb Src\usbd_desc.o
 .rodata.USBD_FS_InterfaceStrDescriptor.str1.1
                0x08002df4        0xe Src\usbd_desc.o
 .rodata.USBD_FS_ManufacturerStrDescriptor.str1.1
                0x08002e02       0x15 Src\usbd_desc.o
 .rodata.USBD_FS_ProductStrDescriptor.str1.1
                0x08002e17       0x16 Src\usbd_desc.o
                0x08002e30                . = ALIGN (0x4)
 *fill*         0x08002e2d        0x3 

.rel.dyn        0x08002e30        0x0
 .rel.iplt      0x08002e30        0x0 c:/program files (x86)/atollic/truestudio for stm32 9.3.0/armtools/bin/../lib/gcc/arm-atollic-eabi/6.3.1/armv7-m/crtbegin.o

.ARM.extab
 *(.ARM.extab* .gnu.linkonce.armextab.*)

.ARM            0x08002e30        0x0
                0x08002e30                __exidx_start = .
 *(.ARM.exidx*)
                0x08002e30                __exidx_end = .

.preinit_array  0x08002e30        0x0
                0x08002e30                PROVIDE (__preinit_array_start, .)
 *(.preinit_array*)
                0x08002e30                PROVIDE (__preinit_array_end, .)

.init_array     0x08002e30        0x4
                0x08002e30                PROVIDE (__init_array_start, .)
 *(SORT(.init_array.*))
 *(.init_array*)
 .init_array    0x08002e30        0x4 c:/program files (x86)/atollic/truestudio for stm32 9.3.0/armtools/bin/../lib/gcc/arm-atollic-eabi/6.3.1/armv7-m/crtbegin.o
                0x08002e34                PROVIDE (__init_array_end, .)

.fini_array     0x08002e34        0x4
                [!provide]                PROVIDE (__fini_array_start, .)
 *(SORT(.fini_array.*))
 *(.fini_array*)
 .fini_array    0x08002e34        0x4 c:/program files (x86)/atollic/truestudio for stm32 9.3.0/armtools/bin/../lib/gcc/arm-atollic-eabi/6.3.1/armv7-m/crtbegin.o
                [!provide]                PROVIDE (__fini_array_end, .)
                0x08002e38                _sidata = LOADADDR (.data)

.data           0x20000000      0x14c load address 0x08002e38
                0x20000000                . = ALIGN (0x4)
                0x20000000                _sdata = .
 *(.data)
 *(.data*)
 .data.uwTickFreq
                0x20000000        0x4 Drivers\STM32L1xx_HAL_Driver\Src\stm32l1xx_hal.o
                0x20000000                uwTickFreq
 .data.uwTickPrio
                0x20000004        0x4 Drivers\STM32L1xx_HAL_Driver\Src\stm32l1xx_hal.o
                0x20000004                uwTickPrio
 .data.HID_MOUSE_ReportDesc
                0x20000008       0x32 Middlewares\ST\STM32_USB_Device_Library\Class\HID\Src\usbd_hid.o
 *fill*         0x2000003a        0x2 
 .data.USBD_HID
                0x2000003c       0x38 Middlewares\ST\STM32_USB_Device_Library\Class\HID\Src\usbd_hid.o
                0x2000003c                USBD_HID
 .data.USBD_HID_CfgFSDesc
                0x20000074       0x22 Middlewares\ST\STM32_USB_Device_Library\Class\HID\Src\usbd_hid.o
 *fill*         0x20000096        0x2 
 .data.USBD_HID_CfgHSDesc
                0x20000098       0x22 Middlewares\ST\STM32_USB_Device_Library\Class\HID\Src\usbd_hid.o
 *fill*         0x200000ba        0x2 
 .data.USBD_HID_Desc
                0x200000bc        0x9 Middlewares\ST\STM32_USB_Device_Library\Class\HID\Src\usbd_hid.o
 *fill*         0x200000c5        0x3 
 .data.USBD_HID_DeviceQualifierDesc
                0x200000c8        0xa Middlewares\ST\STM32_USB_Device_Library\Class\HID\Src\usbd_hid.o
 *fill*         0x200000d2        0x2 
 .data.USBD_HID_OtherSpeedCfgDesc
                0x200000d4       0x22 Middlewares\ST\STM32_USB_Device_Library\Class\HID\Src\usbd_hid.o
 .data.received
                0x200000f6        0x1 Src\main.o
                0x200000f6                received
 *fill*         0x200000f7        0x1 
 .data.SystemCoreClock
                0x200000f8        0x4 Src\system_stm32l1xx.o
                0x200000f8                SystemCoreClock
 .data.FS_Desc  0x200000fc       0x1c Src\usbd_desc.o
                0x200000fc                FS_Desc
 .data.USBD_FS_DeviceDesc
                0x20000118       0x12 Src\usbd_desc.o
                0x20000118                USBD_FS_DeviceDesc
 *fill*         0x2000012a        0x2 
 .data.USBD_LangIDDesc
                0x2000012c        0x4 Src\usbd_desc.o
                0x2000012c                USBD_LangIDDesc
 .data.USBD_StringSerial
                0x20000130       0x1a Src\usbd_desc.o
                0x20000130                USBD_StringSerial
                0x2000014c                . = ALIGN (0x4)
 *fill*         0x2000014a        0x2 
                0x2000014c                _edata = .

.igot.plt       0x2000014c        0x0 load address 0x08002f84
 .igot.plt      0x2000014c        0x0 c:/program files (x86)/atollic/truestudio for stm32 9.3.0/armtools/bin/../lib/gcc/arm-atollic-eabi/6.3.1/armv7-m/crtbegin.o
                0x2000014c                . = ALIGN (0x4)

.bss            0x2000014c      0x780 load address 0x08002f84
                0x2000014c                _sbss = .
                0x2000014c                __bss_start__ = _sbss
 *(.bss)
 .bss           0x2000014c       0x1c c:/program files (x86)/atollic/truestudio for stm32 9.3.0/armtools/bin/../lib/gcc/arm-atollic-eabi/6.3.1/armv7-m/crtbegin.o
 *(.bss*)
 .bss.cfgidx.7783
                0x20000168        0x1 Middlewares\ST\STM32_USB_Device_Library\Core\Src\usbd_ctlreq.o
 .bss.UartBuffer
                0x20000169        0x1 Src\main.o
                0x20000169                UartBuffer
 *fill*         0x2000016a        0x2 
 .bss.mem.7821  0x2000016c       0x14 Src\usbd_conf.o
 *(COMMON)
 COMMON         0x20000180        0x4 Drivers\STM32L1xx_HAL_Driver\Src\stm32l1xx_hal.o
                0x20000180                uwTick
 COMMON         0x20000184       0x40 Src\usart.o
                0x20000184                huart2
 COMMON         0x200001c4      0x29c Src\usb_device.o
                0x200001c4                hUsbDeviceFS
 COMMON         0x20000460      0x26c Src\usbd_conf.o
                0x20000460                hpcd_USB_FS
 COMMON         0x200006cc      0x200 Src\usbd_desc.o
                0x200006cc                USBD_StrDesc
                0x200008cc                . = ALIGN (0x4)
                0x200008cc                _ebss = .
                0x200008cc                __bss_end__ = _ebss

._user_heap_stack
                0x200008cc      0x600 load address 0x08002f84
                0x200008cc                . = ALIGN (0x4)
                0x200008cc                PROVIDE (end, .)
                [!provide]                PROVIDE (_end, .)
                0x20000acc                . = (. + _Min_Heap_Size)
 *fill*         0x200008cc      0x200 
                0x20000ecc                . = (. + _Min_Stack_Size)
 *fill*         0x20000acc      0x400 
                0x20000ecc                . = ALIGN (0x4)

/DISCARD/
 libc.a(*)
 libm.a(*)
 libgcc.a(*)

.ARM.attributes
                0x00000000       0x29
 *(.ARM.attributes)
 .ARM.attributes
                0x00000000       0x1d c:/program files (x86)/atollic/truestudio for stm32 9.3.0/armtools/bin/../lib/gcc/arm-atollic-eabi/6.3.1/armv7-m/crti.o
 .ARM.attributes
                0x0000001d       0x2d c:/program files (x86)/atollic/truestudio for stm32 9.3.0/armtools/bin/../lib/gcc/arm-atollic-eabi/6.3.1/armv7-m/crtbegin.o
 .ARM.attributes
                0x0000004a       0x33 Drivers\STM32L1xx_HAL_Driver\Src\stm32l1xx_hal.o
 .ARM.attributes
                0x0000007d       0x33 Drivers\STM32L1xx_HAL_Driver\Src\stm32l1xx_hal_cortex.o
 .ARM.attributes
                0x000000b0       0x33 Drivers\STM32L1xx_HAL_Driver\Src\stm32l1xx_hal_dma.o
 .ARM.attributes
                0x000000e3       0x33 Drivers\STM32L1xx_HAL_Driver\Src\stm32l1xx_hal_gpio.o
 .ARM.attributes
                0x00000116       0x33 Drivers\STM32L1xx_HAL_Driver\Src\stm32l1xx_hal_pcd.o
 .ARM.attributes
                0x00000149       0x33 Drivers\STM32L1xx_HAL_Driver\Src\stm32l1xx_hal_pcd_ex.o
 .ARM.attributes
                0x0000017c       0x33 Drivers\STM32L1xx_HAL_Driver\Src\stm32l1xx_hal_rcc.o
 .ARM.attributes
                0x000001af       0x33 Drivers\STM32L1xx_HAL_Driver\Src\stm32l1xx_hal_uart.o
 .ARM.attributes
                0x000001e2       0x33 Drivers\STM32L1xx_HAL_Driver\Src\stm32l1xx_ll_usb.o
 .ARM.attributes
                0x00000215       0x33 Middlewares\ST\STM32_USB_Device_Library\Class\HID\Src\usbd_hid.o
 .ARM.attributes
                0x00000248       0x33 Middlewares\ST\STM32_USB_Device_Library\Core\Src\usbd_core.o
 .ARM.attributes
                0x0000027b       0x33 Middlewares\ST\STM32_USB_Device_Library\Core\Src\usbd_ctlreq.o
 .ARM.attributes
                0x000002ae       0x33 Middlewares\ST\STM32_USB_Device_Library\Core\Src\usbd_ioreq.o
 .ARM.attributes
                0x000002e1       0x33 Src\gpio.o
 .ARM.attributes
                0x00000314       0x33 Src\main.o
 .ARM.attributes
                0x00000347       0x33 Src\stm32l1xx_hal_msp.o
 .ARM.attributes
                0x0000037a       0x33 Src\stm32l1xx_it.o
 .ARM.attributes
                0x000003ad       0x33 Src\system_stm32l1xx.o
 .ARM.attributes
                0x000003e0       0x33 Src\usart.o
 .ARM.attributes
                0x00000413       0x33 Src\usb_device.o
 .ARM.attributes
                0x00000446       0x33 Src\usbd_conf.o
 .ARM.attributes
                0x00000479       0x33 Src\usbd_desc.o
 .ARM.attributes
                0x000004ac       0x21 startup\startup_stm32l152xba.o
 .ARM.attributes
                0x000004cd       0x2d c:/program files (x86)/atollic/truestudio for stm32 9.3.0/armtools/bin/../lib/gcc/arm-atollic-eabi/6.3.1/../../../../arm-atollic-eabi/lib/armv7-m\libc_nano.a(lib_a-init.o)
 .ARM.attributes
                0x000004fa       0x2d c:/program files (x86)/atollic/truestudio for stm32 9.3.0/armtools/bin/../lib/gcc/arm-atollic-eabi/6.3.1/../../../../arm-atollic-eabi/lib/armv7-m\libc_nano.a(lib_a-memset.o)
 .ARM.attributes
                0x00000527       0x1d c:/program files (x86)/atollic/truestudio for stm32 9.3.0/armtools/bin/../lib/gcc/arm-atollic-eabi/6.3.1/armv7-m/crtn.o
OUTPUT(Odbiornik_final.elf elf32-littlearm)

.debug_info     0x00000000    0x135ed
 .debug_info    0x00000000      0x7c5 Drivers\STM32L1xx_HAL_Driver\Src\stm32l1xx_hal.o
 .debug_info    0x000007c5      0xeaa Drivers\STM32L1xx_HAL_Driver\Src\stm32l1xx_hal_cortex.o
 .debug_info    0x0000166f      0x824 Drivers\STM32L1xx_HAL_Driver\Src\stm32l1xx_hal_dma.o
 .debug_info    0x00001e93      0x6a0 Drivers\STM32L1xx_HAL_Driver\Src\stm32l1xx_hal_gpio.o
 .debug_info    0x00002533     0x1234 Drivers\STM32L1xx_HAL_Driver\Src\stm32l1xx_hal_pcd.o
 .debug_info    0x00003767      0x743 Drivers\STM32L1xx_HAL_Driver\Src\stm32l1xx_hal_pcd_ex.o
 .debug_info    0x00003eaa      0xb35 Drivers\STM32L1xx_HAL_Driver\Src\stm32l1xx_hal_rcc.o
 .debug_info    0x000049df     0x163f Drivers\STM32L1xx_HAL_Driver\Src\stm32l1xx_hal_uart.o
 .debug_info    0x0000601e     0x1564 Drivers\STM32L1xx_HAL_Driver\Src\stm32l1xx_ll_usb.o
 .debug_info    0x00007582     0x1218 Middlewares\ST\STM32_USB_Device_Library\Class\HID\Src\usbd_hid.o
 .debug_info    0x0000879a     0x14fd Middlewares\ST\STM32_USB_Device_Library\Core\Src\usbd_core.o
 .debug_info    0x00009c97     0x1518 Middlewares\ST\STM32_USB_Device_Library\Core\Src\usbd_ctlreq.o
 .debug_info    0x0000b1af     0x1020 Middlewares\ST\STM32_USB_Device_Library\Core\Src\usbd_ioreq.o
 .debug_info    0x0000c1cf      0x433 Src\gpio.o
 .debug_info    0x0000c602     0x159c Src\main.o
 .debug_info    0x0000db9e      0x28f Src\stm32l1xx_hal_msp.o
 .debug_info    0x0000de2d      0xa8f Src\stm32l1xx_it.o
 .debug_info    0x0000e8bc      0x47b Src\system_stm32l1xx.o
 .debug_info    0x0000ed37      0xa79 Src\usart.o
 .debug_info    0x0000f7b0      0xe51 Src\usb_device.o
 .debug_info    0x00010601     0x20e9 Src\usbd_conf.o
 .debug_info    0x000126ea      0xe84 Src\usbd_desc.o
 .debug_info    0x0001356e       0x7f startup\startup_stm32l152xba.o

.debug_abbrev   0x00000000     0x34f9
 .debug_abbrev  0x00000000      0x299 Drivers\STM32L1xx_HAL_Driver\Src\stm32l1xx_hal.o
 .debug_abbrev  0x00000299      0x31d Drivers\STM32L1xx_HAL_Driver\Src\stm32l1xx_hal_cortex.o
 .debug_abbrev  0x000005b6      0x217 Drivers\STM32L1xx_HAL_Driver\Src\stm32l1xx_hal_dma.o
 .debug_abbrev  0x000007cd      0x1ef Drivers\STM32L1xx_HAL_Driver\Src\stm32l1xx_hal_gpio.o
 .debug_abbrev  0x000009bc      0x32f Drivers\STM32L1xx_HAL_Driver\Src\stm32l1xx_hal_pcd.o
 .debug_abbrev  0x00000ceb      0x1b1 Drivers\STM32L1xx_HAL_Driver\Src\stm32l1xx_hal_pcd_ex.o
 .debug_abbrev  0x00000e9c      0x2c3 Drivers\STM32L1xx_HAL_Driver\Src\stm32l1xx_hal_rcc.o
 .debug_abbrev  0x0000115f      0x302 Drivers\STM32L1xx_HAL_Driver\Src\stm32l1xx_hal_uart.o
 .debug_abbrev  0x00001461      0x351 Drivers\STM32L1xx_HAL_Driver\Src\stm32l1xx_ll_usb.o
 .debug_abbrev  0x000017b2      0x282 Middlewares\ST\STM32_USB_Device_Library\Class\HID\Src\usbd_hid.o
 .debug_abbrev  0x00001a34      0x322 Middlewares\ST\STM32_USB_Device_Library\Core\Src\usbd_core.o
 .debug_abbrev  0x00001d56      0x3b9 Middlewares\ST\STM32_USB_Device_Library\Core\Src\usbd_ctlreq.o
 .debug_abbrev  0x0000210f      0x1f7 Middlewares\ST\STM32_USB_Device_Library\Core\Src\usbd_ioreq.o
 .debug_abbrev  0x00002306      0x173 Src\gpio.o
 .debug_abbrev  0x00002479      0x286 Src\main.o
 .debug_abbrev  0x000026ff       0xf5 Src\stm32l1xx_hal_msp.o
 .debug_abbrev  0x000027f4      0x1c0 Src\stm32l1xx_it.o
 .debug_abbrev  0x000029b4      0x10e Src\system_stm32l1xx.o
 .debug_abbrev  0x00002ac2      0x1f4 Src\usart.o
 .debug_abbrev  0x00002cb6      0x1f5 Src\usb_device.o
 .debug_abbrev  0x00002eab      0x317 Src\usbd_conf.o
 .debug_abbrev  0x000031c2      0x325 Src\usbd_desc.o
 .debug_abbrev  0x000034e7       0x12 startup\startup_stm32l152xba.o

.debug_loc      0x00000000     0x684a
 .debug_loc     0x00000000      0x15f Drivers\STM32L1xx_HAL_Driver\Src\stm32l1xx_hal.o
 .debug_loc     0x0000015f      0x4a8 Drivers\STM32L1xx_HAL_Driver\Src\stm32l1xx_hal_cortex.o
 .debug_loc     0x00000607      0x5b8 Drivers\STM32L1xx_HAL_Driver\Src\stm32l1xx_hal_dma.o
 .debug_loc     0x00000bbf      0x2c9 Drivers\STM32L1xx_HAL_Driver\Src\stm32l1xx_hal_gpio.o
 .debug_loc     0x00000e88      0xa1b Drivers\STM32L1xx_HAL_Driver\Src\stm32l1xx_hal_pcd.o
 .debug_loc     0x000018a3       0xd4 Drivers\STM32L1xx_HAL_Driver\Src\stm32l1xx_hal_pcd_ex.o
 .debug_loc     0x00001977      0x554 Drivers\STM32L1xx_HAL_Driver\Src\stm32l1xx_hal_rcc.o
 .debug_loc     0x00001ecb     0x138f Drivers\STM32L1xx_HAL_Driver\Src\stm32l1xx_hal_uart.o
 .debug_loc     0x0000325a     0x11bb Drivers\STM32L1xx_HAL_Driver\Src\stm32l1xx_ll_usb.o
 .debug_loc     0x00004415      0x469 Middlewares\ST\STM32_USB_Device_Library\Class\HID\Src\usbd_hid.o
 .debug_loc     0x0000487e      0x705 Middlewares\ST\STM32_USB_Device_Library\Core\Src\usbd_core.o
 .debug_loc     0x00004f83      0x8e0 Middlewares\ST\STM32_USB_Device_Library\Core\Src\usbd_ctlreq.o
 .debug_loc     0x00005863      0x23c Middlewares\ST\STM32_USB_Device_Library\Core\Src\usbd_ioreq.o
 .debug_loc     0x00005a9f       0x21 Src\main.o
 .debug_loc     0x00005ac0      0x14d Src\system_stm32l1xx.o
 .debug_loc     0x00005c0d       0x58 Src\usart.o
 .debug_loc     0x00005c65      0x8ec Src\usbd_conf.o
 .debug_loc     0x00006551      0x2f9 Src\usbd_desc.o

.debug_aranges  0x00000000      0xa98
 .debug_aranges
                0x00000000       0xd8 Drivers\STM32L1xx_HAL_Driver\Src\stm32l1xx_hal.o
 .debug_aranges
                0x000000d8       0xa8 Drivers\STM32L1xx_HAL_Driver\Src\stm32l1xx_hal_cortex.o
 .debug_aranges
                0x00000180       0x78 Drivers\STM32L1xx_HAL_Driver\Src\stm32l1xx_hal_dma.o
 .debug_aranges
                0x000001f8       0x58 Drivers\STM32L1xx_HAL_Driver\Src\stm32l1xx_hal_gpio.o
 .debug_aranges
                0x00000250       0xc0 Drivers\STM32L1xx_HAL_Driver\Src\stm32l1xx_hal_pcd.o
 .debug_aranges
                0x00000310       0x28 Drivers\STM32L1xx_HAL_Driver\Src\stm32l1xx_hal_pcd_ex.o
 .debug_aranges
                0x00000338       0x90 Drivers\STM32L1xx_HAL_Driver\Src\stm32l1xx_hal_rcc.o
 .debug_aranges
                0x000003c8      0x170 Drivers\STM32L1xx_HAL_Driver\Src\stm32l1xx_hal_uart.o
 .debug_aranges
                0x00000538       0xe0 Drivers\STM32L1xx_HAL_Driver\Src\stm32l1xx_ll_usb.o
 .debug_aranges
                0x00000618       0x68 Middlewares\ST\STM32_USB_Device_Library\Class\HID\Src\usbd_hid.o
 .debug_aranges
                0x00000680       0xa8 Middlewares\ST\STM32_USB_Device_Library\Core\Src\usbd_core.o
 .debug_aranges
                0x00000728       0x50 Middlewares\ST\STM32_USB_Device_Library\Core\Src\usbd_ctlreq.o
 .debug_aranges
                0x00000778       0x50 Middlewares\ST\STM32_USB_Device_Library\Core\Src\usbd_ioreq.o
 .debug_aranges
                0x000007c8       0x20 Src\gpio.o
 .debug_aranges
                0x000007e8       0x38 Src\main.o
 .debug_aranges
                0x00000820       0x20 Src\stm32l1xx_hal_msp.o
 .debug_aranges
                0x00000840       0x58 Src\stm32l1xx_it.o
 .debug_aranges
                0x00000898       0x28 Src\system_stm32l1xx.o
 .debug_aranges
                0x000008c0       0x30 Src\usart.o
 .debug_aranges
                0x000008f0       0x20 Src\usb_device.o
 .debug_aranges
                0x00000910      0x108 Src\usbd_conf.o
 .debug_aranges
                0x00000a18       0x58 Src\usbd_desc.o
 .debug_aranges
                0x00000a70       0x28 startup\startup_stm32l152xba.o

.debug_ranges   0x00000000      0xdf0
 .debug_ranges  0x00000000       0xc8 Drivers\STM32L1xx_HAL_Driver\Src\stm32l1xx_hal.o
 .debug_ranges  0x000000c8      0x140 Drivers\STM32L1xx_HAL_Driver\Src\stm32l1xx_hal_cortex.o
 .debug_ranges  0x00000208       0xa8 Drivers\STM32L1xx_HAL_Driver\Src\stm32l1xx_hal_dma.o
 .debug_ranges  0x000002b0       0x68 Drivers\STM32L1xx_HAL_Driver\Src\stm32l1xx_hal_gpio.o
 .debug_ranges  0x00000318      0x170 Drivers\STM32L1xx_HAL_Driver\Src\stm32l1xx_hal_pcd.o
 .debug_ranges  0x00000488       0x18 Drivers\STM32L1xx_HAL_Driver\Src\stm32l1xx_hal_pcd_ex.o
 .debug_ranges  0x000004a0       0xb0 Drivers\STM32L1xx_HAL_Driver\Src\stm32l1xx_hal_rcc.o
 .debug_ranges  0x00000550      0x190 Drivers\STM32L1xx_HAL_Driver\Src\stm32l1xx_hal_uart.o
 .debug_ranges  0x000006e0      0x280 Drivers\STM32L1xx_HAL_Driver\Src\stm32l1xx_ll_usb.o
 .debug_ranges  0x00000960       0x58 Middlewares\ST\STM32_USB_Device_Library\Class\HID\Src\usbd_hid.o
 .debug_ranges  0x000009b8       0x98 Middlewares\ST\STM32_USB_Device_Library\Core\Src\usbd_core.o
 .debug_ranges  0x00000a50       0x88 Middlewares\ST\STM32_USB_Device_Library\Core\Src\usbd_ctlreq.o
 .debug_ranges  0x00000ad8       0x40 Middlewares\ST\STM32_USB_Device_Library\Core\Src\usbd_ioreq.o
 .debug_ranges  0x00000b18       0x50 Src\gpio.o
 .debug_ranges  0x00000b68       0x28 Src\main.o
 .debug_ranges  0x00000b90       0x28 Src\stm32l1xx_hal_msp.o
 .debug_ranges  0x00000bb8       0x48 Src\stm32l1xx_it.o
 .debug_ranges  0x00000c00       0x18 Src\system_stm32l1xx.o
 .debug_ranges  0x00000c18       0x40 Src\usart.o
 .debug_ranges  0x00000c58       0x10 Src\usb_device.o
 .debug_ranges  0x00000c68      0x120 Src\usbd_conf.o
 .debug_ranges  0x00000d88       0x48 Src\usbd_desc.o
 .debug_ranges  0x00000dd0       0x20 startup\startup_stm32l152xba.o

.debug_line     0x00000000     0x61ee
 .debug_line    0x00000000      0x3eb Drivers\STM32L1xx_HAL_Driver\Src\stm32l1xx_hal.o
 .debug_line    0x000003eb      0x475 Drivers\STM32L1xx_HAL_Driver\Src\stm32l1xx_hal_cortex.o
 .debug_line    0x00000860      0x4cc Drivers\STM32L1xx_HAL_Driver\Src\stm32l1xx_hal_dma.o
 .debug_line    0x00000d2c      0x3e2 Drivers\STM32L1xx_HAL_Driver\Src\stm32l1xx_hal_gpio.o
 .debug_line    0x0000110e      0x663 Drivers\STM32L1xx_HAL_Driver\Src\stm32l1xx_hal_pcd.o
 .debug_line    0x00001771      0x269 Drivers\STM32L1xx_HAL_Driver\Src\stm32l1xx_hal_pcd_ex.o
 .debug_line    0x000019da      0x5e4 Drivers\STM32L1xx_HAL_Driver\Src\stm32l1xx_hal_rcc.o
 .debug_line    0x00001fbe      0xbea Drivers\STM32L1xx_HAL_Driver\Src\stm32l1xx_hal_uart.o
 .debug_line    0x00002ba8      0x59f Drivers\STM32L1xx_HAL_Driver\Src\stm32l1xx_ll_usb.o
 .debug_line    0x00003147      0x4be Middlewares\ST\STM32_USB_Device_Library\Class\HID\Src\usbd_hid.o
 .debug_line    0x00003605      0x54a Middlewares\ST\STM32_USB_Device_Library\Core\Src\usbd_core.o
 .debug_line    0x00003b4f      0x4f5 Middlewares\ST\STM32_USB_Device_Library\Core\Src\usbd_ctlreq.o
 .debug_line    0x00004044      0x3c2 Middlewares\ST\STM32_USB_Device_Library\Core\Src\usbd_ioreq.o
 .debug_line    0x00004406      0x202 Src\gpio.o
 .debug_line    0x00004608      0x457 Src\main.o
 .debug_line    0x00004a5f      0x1e9 Src\stm32l1xx_hal_msp.o
 .debug_line    0x00004c48      0x2c4 Src\stm32l1xx_it.o
 .debug_line    0x00004f0c      0x21a Src\system_stm32l1xx.o
 .debug_line    0x00005126      0x2be Src\usart.o
 .debug_line    0x000053e4      0x388 Src\usb_device.o
 .debug_line    0x0000576c      0x629 Src\usbd_conf.o
 .debug_line    0x00005d95      0x3db Src\usbd_desc.o
 .debug_line    0x00006170       0x7e startup\startup_stm32l152xba.o

.debug_str      0x00000000     0x39da
 .debug_str     0x00000000      0x7b4 Drivers\STM32L1xx_HAL_Driver\Src\stm32l1xx_hal.o
                                0x813 (size before relaxing)
 .debug_str     0x000007b4      0x4da Drivers\STM32L1xx_HAL_Driver\Src\stm32l1xx_hal_cortex.o
                                0xa64 (size before relaxing)
 .debug_str     0x00000c8e      0x40d Drivers\STM32L1xx_HAL_Driver\Src\stm32l1xx_hal_dma.o
                                0x6a5 (size before relaxing)
 .debug_str     0x0000109b      0x1c2 Drivers\STM32L1xx_HAL_Driver\Src\stm32l1xx_hal_gpio.o
                                0x4a1 (size before relaxing)
 .debug_str     0x0000125d      0x749 Drivers\STM32L1xx_HAL_Driver\Src\stm32l1xx_hal_pcd.o
                                0xa48 (size before relaxing)
 .debug_str     0x000019a6      0x170 Drivers\STM32L1xx_HAL_Driver\Src\stm32l1xx_hal_pcd_ex.o
                                0x72e (size before relaxing)
 .debug_str     0x00001b16      0x394 Drivers\STM32L1xx_HAL_Driver\Src\stm32l1xx_hal_rcc.o
                                0x700 (size before relaxing)
 .debug_str     0x00001eaa      0x6e3 Drivers\STM32L1xx_HAL_Driver\Src\stm32l1xx_hal_uart.o
                                0xc0a (size before relaxing)
 .debug_str     0x0000258d      0x1e1 Drivers\STM32L1xx_HAL_Driver\Src\stm32l1xx_ll_usb.o
                                0x798 (size before relaxing)
 .debug_str     0x0000276e      0x9e1 Middlewares\ST\STM32_USB_Device_Library\Class\HID\Src\usbd_hid.o
                                0xcc1 (size before relaxing)
 .debug_str     0x0000314f      0x2a4 Middlewares\ST\STM32_USB_Device_Library\Core\Src\usbd_core.o
                                0xcd6 (size before relaxing)
 .debug_str     0x000033f3      0x11b Middlewares\ST\STM32_USB_Device_Library\Core\Src\usbd_ctlreq.o
                                0xbf0 (size before relaxing)
 .debug_str     0x0000350e       0x79 Middlewares\ST\STM32_USB_Device_Library\Core\Src\usbd_ioreq.o
                                0xb1d (size before relaxing)
 .debug_str     0x00003587       0x32 Src\gpio.o
                                0x35b (size before relaxing)
 .debug_str     0x000035b9       0xd4 Src\main.o
                               0x1033 (size before relaxing)
 .debug_str     0x0000368d       0x1b Src\stm32l1xx_hal_msp.o
                                0x2a3 (size before relaxing)
 .debug_str     0x000036a8       0xd6 Src\stm32l1xx_it.o
                                0x9a2 (size before relaxing)
 .debug_str     0x0000377e       0x5c Src\system_stm32l1xx.o
                                0x32f (size before relaxing)
 .debug_str     0x000037da       0x1a Src\usart.o
                                0xa41 (size before relaxing)
 .debug_str     0x000037f4       0x1c Src\usb_device.o
                                0xa6c (size before relaxing)
 .debug_str     0x00003810       0x65 Src\usbd_conf.o
                               0x1617 (size before relaxing)
 .debug_str     0x00003875      0x165 Src\usbd_desc.o
                                0x8eb (size before relaxing)

.comment        0x00000000       0x7c
 .comment       0x00000000       0x7c Drivers\STM32L1xx_HAL_Driver\Src\stm32l1xx_hal.o
                                 0x7d (size before relaxing)
 .comment       0x0000007c       0x7d Drivers\STM32L1xx_HAL_Driver\Src\stm32l1xx_hal_cortex.o
 .comment       0x0000007c       0x7d Drivers\STM32L1xx_HAL_Driver\Src\stm32l1xx_hal_dma.o
 .comment       0x0000007c       0x7d Drivers\STM32L1xx_HAL_Driver\Src\stm32l1xx_hal_gpio.o
 .comment       0x0000007c       0x7d Drivers\STM32L1xx_HAL_Driver\Src\stm32l1xx_hal_pcd.o
 .comment       0x0000007c       0x7d Drivers\STM32L1xx_HAL_Driver\Src\stm32l1xx_hal_pcd_ex.o
 .comment       0x0000007c       0x7d Drivers\STM32L1xx_HAL_Driver\Src\stm32l1xx_hal_rcc.o
 .comment       0x0000007c       0x7d Drivers\STM32L1xx_HAL_Driver\Src\stm32l1xx_hal_uart.o
 .comment       0x0000007c       0x7d Drivers\STM32L1xx_HAL_Driver\Src\stm32l1xx_ll_usb.o
 .comment       0x0000007c       0x7d Middlewares\ST\STM32_USB_Device_Library\Class\HID\Src\usbd_hid.o
 .comment       0x0000007c       0x7d Middlewares\ST\STM32_USB_Device_Library\Core\Src\usbd_core.o
 .comment       0x0000007c       0x7d Middlewares\ST\STM32_USB_Device_Library\Core\Src\usbd_ctlreq.o
 .comment       0x0000007c       0x7d Middlewares\ST\STM32_USB_Device_Library\Core\Src\usbd_ioreq.o
 .comment       0x0000007c       0x7d Src\gpio.o
 .comment       0x0000007c       0x7d Src\main.o
 .comment       0x0000007c       0x7d Src\stm32l1xx_hal_msp.o
 .comment       0x0000007c       0x7d Src\stm32l1xx_it.o
 .comment       0x0000007c       0x7d Src\system_stm32l1xx.o
 .comment       0x0000007c       0x7d Src\usart.o
 .comment       0x0000007c       0x7d Src\usb_device.o
 .comment       0x0000007c       0x7d Src\usbd_conf.o
 .comment       0x0000007c       0x7d Src\usbd_desc.o

.debug_frame    0x00000000     0x1a70
 .debug_frame   0x00000000      0x1d4 Drivers\STM32L1xx_HAL_Driver\Src\stm32l1xx_hal.o
 .debug_frame   0x000001d4      0x158 Drivers\STM32L1xx_HAL_Driver\Src\stm32l1xx_hal_cortex.o
 .debug_frame   0x0000032c      0x13c Drivers\STM32L1xx_HAL_Driver\Src\stm32l1xx_hal_dma.o
 .debug_frame   0x00000468       0xd8 Drivers\STM32L1xx_HAL_Driver\Src\stm32l1xx_hal_gpio.o
 .debug_frame   0x00000540      0x2b0 Drivers\STM32L1xx_HAL_Driver\Src\stm32l1xx_hal_pcd.o
 .debug_frame   0x000007f0       0x50 Drivers\STM32L1xx_HAL_Driver\Src\stm32l1xx_hal_pcd_ex.o
 .debug_frame   0x00000840      0x168 Drivers\STM32L1xx_HAL_Driver\Src\stm32l1xx_hal_rcc.o
 .debug_frame   0x000009a8      0x498 Drivers\STM32L1xx_HAL_Driver\Src\stm32l1xx_hal_uart.o
 .debug_frame   0x00000e40      0x244 Drivers\STM32L1xx_HAL_Driver\Src\stm32l1xx_ll_usb.o
 .debug_frame   0x00001084       0xdc Middlewares\ST\STM32_USB_Device_Library\Class\HID\Src\usbd_hid.o
 .debug_frame   0x00001160      0x1c0 Middlewares\ST\STM32_USB_Device_Library\Core\Src\usbd_core.o
 .debug_frame   0x00001320       0xcc Middlewares\ST\STM32_USB_Device_Library\Core\Src\usbd_ctlreq.o
 .debug_frame   0x000013ec       0xb0 Middlewares\ST\STM32_USB_Device_Library\Core\Src\usbd_ioreq.o
 .debug_frame   0x0000149c       0x30 Src\gpio.o
 .debug_frame   0x000014cc       0x68 Src\main.o
 .debug_frame   0x00001534       0x28 Src\stm32l1xx_hal_msp.o
 .debug_frame   0x0000155c       0xc0 Src\stm32l1xx_it.o
 .debug_frame   0x0000161c       0x38 Src\system_stm32l1xx.o
 .debug_frame   0x00001654       0x70 Src\usart.o
 .debug_frame   0x000016c4       0x30 Src\usb_device.o
 .debug_frame   0x000016f4      0x26c Src\usbd_conf.o
 .debug_frame   0x00001960       0xc4 Src\usbd_desc.o
 .debug_frame   0x00001a24       0x2c c:/program files (x86)/atollic/truestudio for stm32 9.3.0/armtools/bin/../lib/gcc/arm-atollic-eabi/6.3.1/../../../../arm-atollic-eabi/lib/armv7-m\libc_nano.a(lib_a-init.o)
 .debug_frame   0x00001a50       0x20 c:/program files (x86)/atollic/truestudio for stm32 9.3.0/armtools/bin/../lib/gcc/arm-atollic-eabi/6.3.1/../../../../arm-atollic-eabi/lib/armv7-m\libc_nano.a(lib_a-memset.o)
