stm32l1xx_hal_pcd.c:243:13:HAL_PCD_MspInit	0	static
stm32l1xx_hal_pcd.c:120:19:HAL_PCD_Init	40	static
stm32l1xx_hal_pcd.c:258:13:HAL_PCD_MspDeInit	0	static
stm32l1xx_hal_pcd.c:808:19:HAL_PCD_Start	8	static
stm32l1xx_hal_pcd.c:825:19:HAL_PCD_Stop	8	static
stm32l1xx_hal_pcd.c:207:19:HAL_PCD_DeInit	8	static
stm32l1xx_hal_pcd.c:934:13:HAL_PCD_DataOutStageCallback	0	static
stm32l1xx_hal_pcd.c:951:13:HAL_PCD_DataInStageCallback	0	static
stm32l1xx_hal_pcd.c:966:13:HAL_PCD_SetupStageCallback	0	static
stm32l1xx_hal_pcd.c:981:13:HAL_PCD_SOFCallback	0	static
stm32l1xx_hal_pcd.c:996:13:HAL_PCD_ResetCallback	0	static
stm32l1xx_hal_pcd.c:1011:13:HAL_PCD_SuspendCallback	0	static
stm32l1xx_hal_pcd.c:1026:13:HAL_PCD_ResumeCallback	0	static
stm32l1xx_hal_pcd.c:1042:13:HAL_PCD_ISOOUTIncompleteCallback	0	static
stm32l1xx_hal_pcd.c:1059:13:HAL_PCD_ISOINIncompleteCallback	0	static
stm32l1xx_hal_pcd.c:1075:13:HAL_PCD_ConnectCallback	0	static
stm32l1xx_hal_pcd.c:1090:13:HAL_PCD_DisconnectCallback	0	static
stm32l1xx_hal_pcd.c:1124:19:HAL_PCD_DevConnect	8	static
stm32l1xx_hal_pcd.c:1140:19:HAL_PCD_DevDisconnect	8	static
stm32l1xx_hal_pcd.c:1157:19:HAL_PCD_SetAddress	8	static
stm32l1xx_hal_pcd.c:1173:19:HAL_PCD_EP_Open	16	static
stm32l1xx_hal_pcd.c:1217:19:HAL_PCD_EP_Close	8	static
stm32l1xx_hal_pcd.c:1248:19:HAL_PCD_EP_Receive	16	static
stm32l1xx_hal_pcd.c:1279:10:HAL_PCD_EP_GetRxCount	0	static
stm32l1xx_hal_pcd.c:1291:19:HAL_PCD_EP_Transmit	16	static
stm32l1xx_hal_pcd.c:843:6:HAL_PCD_IRQHandler	40	static
stm32l1xx_hal_pcd.c:1322:19:HAL_PCD_EP_SetStall	16	static
stm32l1xx_hal_pcd.c:1363:19:HAL_PCD_EP_ClrStall	16	static
stm32l1xx_hal_pcd.c:1399:19:HAL_PCD_EP_Flush	0	static
stm32l1xx_hal_pcd.c:1413:19:HAL_PCD_ActivateRemoteWakeup	0	static
stm32l1xx_hal_pcd.c:1423:19:HAL_PCD_DeActivateRemoteWakeup	0	static
stm32l1xx_hal_pcd.c:1452:18:HAL_PCD_GetState	0	static
