stm32l1xx_hal_uart.c:2708:13:UART_EndRxTransfer	0	static
stm32l1xx_hal_uart.c:3035:13:UART_SetConfig	16	static
stm32l1xx_hal_uart.c:2662:26:UART_WaitOnFlagUntilTimeout.constprop	24	static
stm32l1xx_hal_uart.c:663:13:HAL_UART_MspInit	0	static
stm32l1xx_hal_uart.c:313:19:HAL_UART_Init	8	static
stm32l1xx_hal_uart.c:388:19:HAL_HalfDuplex_Init	8	static
stm32l1xx_hal_uart.c:461:19:HAL_LIN_Init	16	static
stm32l1xx_hal_uart.c:542:19:HAL_MultiProcessor_Init	16	static
stm32l1xx_hal_uart.c:678:13:HAL_UART_MspDeInit	0	static
stm32l1xx_hal_uart.c:619:19:HAL_UART_DeInit	8	static
stm32l1xx_hal_uart.c:1015:19:HAL_UART_Transmit	24	static
stm32l1xx_hal_uart.c:1097:19:HAL_UART_Receive	24	static
stm32l1xx_hal_uart.c:1185:19:HAL_UART_Transmit_IT	0	static
stm32l1xx_hal_uart.c:1227:19:HAL_UART_Receive_IT	0	static
stm32l1xx_hal_uart.c:1275:19:HAL_UART_Transmit_DMA	16	static
stm32l1xx_hal_uart.c:1340:19:HAL_UART_Receive_DMA	24	static
stm32l1xx_hal_uart.c:1406:19:HAL_UART_DMAPause	0	static
stm32l1xx_hal_uart.c:1443:19:HAL_UART_DMAResume	8	static
stm32l1xx_hal_uart.c:1479:19:HAL_UART_DMAStop	8	static
stm32l1xx_hal_uart.c:1531:19:HAL_UART_Abort	8	static
stm32l1xx_hal_uart.c:1613:19:HAL_UART_AbortTransmit	8	static
stm32l1xx_hal_uart.c:1664:19:HAL_UART_AbortReceive	8	static
stm32l1xx_hal_uart.c:2139:13:HAL_UART_TxCpltCallback	0	static
stm32l1xx_hal_uart.c:2514:13:UART_DMATransmitCplt	8	static
stm32l1xx_hal_uart.c:2154:13:HAL_UART_TxHalfCpltCallback	0	static
stm32l1xx_hal_uart.c:2549:13:UART_DMATxHalfCplt	8	static
stm32l1xx_hal_uart.c:2169:13:HAL_UART_RxCpltCallback	0	static
stm32l1xx_hal_uart.c:2568:13:UART_DMAReceiveCplt	8	static
stm32l1xx_hal_uart.c:2964:26:UART_Receive_IT	8	static
stm32l1xx_hal_uart.c:2184:13:HAL_UART_RxHalfCpltCallback	0	static
stm32l1xx_hal_uart.c:2602:13:UART_DMARxHalfCplt	8	static
stm32l1xx_hal_uart.c:2199:13:HAL_UART_ErrorCallback	0	static
stm32l1xx_hal_uart.c:2621:13:UART_DMAError	8	static
stm32l1xx_hal_uart.c:1993:6:HAL_UART_IRQHandler	16	static
stm32l1xx_hal_uart.c:2725:13:UART_DMAAbortOnError	8	static
stm32l1xx_hal_uart.c:2213:13:HAL_UART_AbortCpltCallback	0	static
stm32l1xx_hal_uart.c:1718:19:HAL_UART_Abort_IT	8	static
stm32l1xx_hal_uart.c:2794:13:UART_DMARxAbortCallback	8	static
stm32l1xx_hal_uart.c:2749:13:UART_DMATxAbortCallback	8	static
stm32l1xx_hal_uart.c:2228:13:HAL_UART_AbortTransmitCpltCallback	0	static
stm32l1xx_hal_uart.c:1846:19:HAL_UART_AbortTransmit_IT	8	static
stm32l1xx_hal_uart.c:2839:13:UART_DMATxOnlyAbortCallback	8	static
stm32l1xx_hal_uart.c:2243:13:HAL_UART_AbortReceiveCpltCallback	0	static
stm32l1xx_hal_uart.c:1923:19:HAL_UART_AbortReceive_IT	8	static
stm32l1xx_hal_uart.c:2867:13:UART_DMARxOnlyAbortCallback	8	static
stm32l1xx_hal_uart.c:2282:19:HAL_LIN_SendBreak	0	static
stm32l1xx_hal_uart.c:2309:19:HAL_MultiProcessor_EnterMuteMode	0	static
stm32l1xx_hal_uart.c:2336:19:HAL_MultiProcessor_ExitMuteMode	0	static
stm32l1xx_hal_uart.c:2363:19:HAL_HalfDuplex_EnableTransmitter	0	static
stm32l1xx_hal_uart.c:2398:19:HAL_HalfDuplex_EnableReceiver	0	static
stm32l1xx_hal_uart.c:2455:23:HAL_UART_GetState	0	static
stm32l1xx_hal_uart.c:2470:10:HAL_UART_GetError	0	static
